15:44:40 **** Incremental Build of configuration Debug for project MEdubot ****
make -j12 all 
arm-none-eabi-gcc "../Core/Src/main.c" -mcpu=cortex-m4 -std=gnu11 -g3 -DDEBUG -DUSE_HAL_DRIVER -DSTM32F401xE -c -I../Core/Inc -I../Drivers/STM32F4xx_HAL_Driver/Inc -I../Drivers/STM32F4xx_HAL_Driver/Inc/Legacy -I../Drivers/CMSIS/Device/ST/STM32F4xx/Include -I../Drivers/CMSIS/Include -O0 -ffunction-sections -fdata-sections -Wall -fstack-usage -fcyclomatic-complexity -MMD -MP -MF"Core/Src/main.d" -MT"Core/Src/main.o" --specs=nano.specs -mfpu=fpv4-sp-d16 -mfloat-abi=hard -mthumb -o "Core/Src/main.o"
../Core/Src/main.c: In function 'HAL_GPIO_EXTI_Callback':
../Core/Src/main.c:171:17: warning: implicit declaration of function 'init_fuzzy' [-Wimplicit-function-declaration]
  171 |                 init_fuzzy();
      |                 ^~~~~~~~~~
../Core/Src/main.c: At top level:
../Core/Src/main.c:175:6: warning: conflicting types for 'init_fuzzy'; have 'void()'
  175 | void init_fuzzy(){
      |      ^~~~~~~~~~
../Core/Src/main.c:171:17: note: previous implicit declaration of 'init_fuzzy' with type 'void()'
  171 |                 init_fuzzy();
      |                 ^~~~~~~~~~
../Core/Src/main.c: In function 'main':
../Core/Src/main.c:291:43: warning: passing argument 2 of 'HAL_ADC_Start_DMA' from incompatible pointer type [-Wincompatible-pointer-types]
  291 |                 HAL_ADC_Start_DMA(&hadc1, adc, 6);
      |                                           ^~~
      |                                           |
      |                                           uint16_t * {aka short unsigned int *}
In file included from ../Core/Inc/stm32f4xx_hal_conf.h:295,
                 from ../Drivers/STM32F4xx_HAL_Driver/Inc/stm32f4xx_hal.h:29,
                 from ../Core/Inc/main.h:30,
                 from ../Core/Src/main.c:20:
../Drivers/STM32F4xx_HAL_Driver/Inc/stm32f4xx_hal_adc.h:594:72: note: expected 'uint32_t *' {aka 'long unsigned int *'} but argument is of type 'uint16_t *' {aka 'short unsigned int *'}
  594 | HAL_StatusTypeDef HAL_ADC_Start_DMA(ADC_HandleTypeDef *hadc, uint32_t *pData, uint32_t Length);
      |                                                              ~~~~~~~~~~^~~~~
In file included from ../Core/Inc/main.h:34:
../Core/Inc/uFRI.h: At top level:
../Core/Inc/uFRI.h:16:29: warning: 'rulebases' defined but not used [-Wunused-variable]
   16 | static struct FRI_RULEBASE *rulebases;
      |                             ^~~~~~~~~
../Core/Inc/uFRI.h:15:29: warning: 'universes' defined but not used [-Wunused-variable]
   15 | static struct FRI_UNIVERSE *universes;
      |                             ^~~~~~~~~
arm-none-eabi-gcc -o "MEdubot.elf" @"objects.list"   -mcpu=cortex-m4 -T"C:\Users\au086907\Documents\MEdubot\MEdubot\MEdubot\STM32F401RETX_FLASH.ld" --specs=nosys.specs -Wl,-Map="MEdubot.map" -Wl,--gc-sections -static --specs=nano.specs -mfpu=fpv4-sp-d16 -mfloat-abi=hard -mthumb -Wl,--start-group -lc -lm -Wl,--end-group
Finished building target: MEdubot.elf
 
arm-none-eabi-size  MEdubot.elf 
arm-none-eabi-objdump -h -S MEdubot.elf  > "MEdubot.list"
   text	   data	    bss	    dec	    hex	filename
  24748	     92	   2492	  27332	   6ac4	MEdubot.elf
Finished building: default.size.stdout
 
Finished building: MEdubot.list
 

15:44:41 Build Finished. 0 errors, 5 warnings. (took 667ms)

