Archive member included to satisfy reference by file (symbol)

C:/ST/STM32CubeIDE_1.13.1/STM32CubeIDE/plugins/com.st.stm32cube.ide.mcu.externaltools.gnu-tools-for-stm32.12.3.rel1.win32_1.1.0.202410251130/tools/bin/../lib/gcc/arm-none-eabi/12.3.1/../../../../arm-none-eabi/lib/thumb/v7e-m+fp/hard\libc_nano.a(libc_a-calloc.o)
                              ./Core/Src/uFRI.o (calloc)
C:/ST/STM32CubeIDE_1.13.1/STM32CubeIDE/plugins/com.st.stm32cube.ide.mcu.externaltools.gnu-tools-for-stm32.12.3.rel1.win32_1.1.0.202410251130/tools/bin/../lib/gcc/arm-none-eabi/12.3.1/../../../../arm-none-eabi/lib/thumb/v7e-m+fp/hard\libc_nano.a(libc_a-callocr.o)
                              C:/ST/STM32CubeIDE_1.13.1/STM32CubeIDE/plugins/com.st.stm32cube.ide.mcu.externaltools.gnu-tools-for-stm32.12.3.rel1.win32_1.1.0.202410251130/tools/bin/../lib/gcc/arm-none-eabi/12.3.1/../../../../arm-none-eabi/lib/thumb/v7e-m+fp/hard\libc_nano.a(libc_a-calloc.o) (_calloc_r)
C:/ST/STM32CubeIDE_1.13.1/STM32CubeIDE/plugins/com.st.stm32cube.ide.mcu.externaltools.gnu-tools-for-stm32.12.3.rel1.win32_1.1.0.202410251130/tools/bin/../lib/gcc/arm-none-eabi/12.3.1/../../../../arm-none-eabi/lib/thumb/v7e-m+fp/hard\libc_nano.a(libc_a-exit.o)
                              C:/ST/STM32CubeIDE_1.13.1/STM32CubeIDE/plugins/com.st.stm32cube.ide.mcu.externaltools.gnu-tools-for-stm32.12.3.rel1.win32_1.1.0.202410251130/tools/bin/../lib/gcc/arm-none-eabi/12.3.1/../../../../arm-none-eabi/lib/thumb/v7e-m+fp/hard/crt0.o (exit)
C:/ST/STM32CubeIDE_1.13.1/STM32CubeIDE/plugins/com.st.stm32cube.ide.mcu.externaltools.gnu-tools-for-stm32.12.3.rel1.win32_1.1.0.202410251130/tools/bin/../lib/gcc/arm-none-eabi/12.3.1/../../../../arm-none-eabi/lib/thumb/v7e-m+fp/hard\libc_nano.a(libc_a-malloc.o)
                              ./Core/Src/uFRI.o (free)
C:/ST/STM32CubeIDE_1.13.1/STM32CubeIDE/plugins/com.st.stm32cube.ide.mcu.externaltools.gnu-tools-for-stm32.12.3.rel1.win32_1.1.0.202410251130/tools/bin/../lib/gcc/arm-none-eabi/12.3.1/../../../../arm-none-eabi/lib/thumb/v7e-m+fp/hard\libc_nano.a(libc_a-mallocr.o)
                              C:/ST/STM32CubeIDE_1.13.1/STM32CubeIDE/plugins/com.st.stm32cube.ide.mcu.externaltools.gnu-tools-for-stm32.12.3.rel1.win32_1.1.0.202410251130/tools/bin/../lib/gcc/arm-none-eabi/12.3.1/../../../../arm-none-eabi/lib/thumb/v7e-m+fp/hard\libc_nano.a(libc_a-callocr.o) (_malloc_r)
C:/ST/STM32CubeIDE_1.13.1/STM32CubeIDE/plugins/com.st.stm32cube.ide.mcu.externaltools.gnu-tools-for-stm32.12.3.rel1.win32_1.1.0.202410251130/tools/bin/../lib/gcc/arm-none-eabi/12.3.1/../../../../arm-none-eabi/lib/thumb/v7e-m+fp/hard\libc_nano.a(libc_a-mlock.o)
                              C:/ST/STM32CubeIDE_1.13.1/STM32CubeIDE/plugins/com.st.stm32cube.ide.mcu.externaltools.gnu-tools-for-stm32.12.3.rel1.win32_1.1.0.202410251130/tools/bin/../lib/gcc/arm-none-eabi/12.3.1/../../../../arm-none-eabi/lib/thumb/v7e-m+fp/hard\libc_nano.a(libc_a-mallocr.o) (__malloc_lock)
C:/ST/STM32CubeIDE_1.13.1/STM32CubeIDE/plugins/com.st.stm32cube.ide.mcu.externaltools.gnu-tools-for-stm32.12.3.rel1.win32_1.1.0.202410251130/tools/bin/../lib/gcc/arm-none-eabi/12.3.1/../../../../arm-none-eabi/lib/thumb/v7e-m+fp/hard\libc_nano.a(libc_a-findfp.o)
                              C:/ST/STM32CubeIDE_1.13.1/STM32CubeIDE/plugins/com.st.stm32cube.ide.mcu.externaltools.gnu-tools-for-stm32.12.3.rel1.win32_1.1.0.202410251130/tools/bin/../lib/gcc/arm-none-eabi/12.3.1/../../../../arm-none-eabi/lib/thumb/v7e-m+fp/hard\libc_nano.a(libc_a-exit.o) (__stdio_exit_handler)
C:/ST/STM32CubeIDE_1.13.1/STM32CubeIDE/plugins/com.st.stm32cube.ide.mcu.externaltools.gnu-tools-for-stm32.12.3.rel1.win32_1.1.0.202410251130/tools/bin/../lib/gcc/arm-none-eabi/12.3.1/../../../../arm-none-eabi/lib/thumb/v7e-m+fp/hard\libc_nano.a(libc_a-fwalk.o)
                              C:/ST/STM32CubeIDE_1.13.1/STM32CubeIDE/plugins/com.st.stm32cube.ide.mcu.externaltools.gnu-tools-for-stm32.12.3.rel1.win32_1.1.0.202410251130/tools/bin/../lib/gcc/arm-none-eabi/12.3.1/../../../../arm-none-eabi/lib/thumb/v7e-m+fp/hard\libc_nano.a(libc_a-findfp.o) (_fwalk_sglue)
C:/ST/STM32CubeIDE_1.13.1/STM32CubeIDE/plugins/com.st.stm32cube.ide.mcu.externaltools.gnu-tools-for-stm32.12.3.rel1.win32_1.1.0.202410251130/tools/bin/../lib/gcc/arm-none-eabi/12.3.1/../../../../arm-none-eabi/lib/thumb/v7e-m+fp/hard\libc_nano.a(libc_a-stdio.o)
                              C:/ST/STM32CubeIDE_1.13.1/STM32CubeIDE/plugins/com.st.stm32cube.ide.mcu.externaltools.gnu-tools-for-stm32.12.3.rel1.win32_1.1.0.202410251130/tools/bin/../lib/gcc/arm-none-eabi/12.3.1/../../../../arm-none-eabi/lib/thumb/v7e-m+fp/hard\libc_nano.a(libc_a-findfp.o) (__sread)
C:/ST/STM32CubeIDE_1.13.1/STM32CubeIDE/plugins/com.st.stm32cube.ide.mcu.externaltools.gnu-tools-for-stm32.12.3.rel1.win32_1.1.0.202410251130/tools/bin/../lib/gcc/arm-none-eabi/12.3.1/../../../../arm-none-eabi/lib/thumb/v7e-m+fp/hard\libc_nano.a(libc_a-memset.o)
[...]
Memory Configuration

Name             Origin             Length             Attributes
RAM              0x20000000         0x00018000         xrw
FLASH            0x08000000         0x00080000         xr
*default*        0x00000000         0xffffffff

Linker script and memory map

LOAD C:/ST/STM32CubeIDE_1.13.1/STM32CubeIDE/plugins/com.st.stm32cube.ide.mcu.externaltools.gnu-tools-for-stm32.12.3.rel1.win32_1.1.0.202410251130/tools/bin/../lib/gcc/arm-none-eabi/12.3.1/thumb/v7e-m+fp/hard/crti.o
LOAD C:/ST/STM32CubeIDE_1.13.1/STM32CubeIDE/plugins/com.st.stm32cube.ide.mcu.externaltools.gnu-tools-for-stm32.12.3.rel1.win32_1.1.0.202410251130/tools/bin/../lib/gcc/arm-none-eabi/12.3.1/thumb/v7e-m+fp/hard/crtbegin.o
LOAD C:/ST/STM32CubeIDE_1.13.1/STM32CubeIDE/plugins/com.st.stm32cube.ide.mcu.externaltools.gnu-tools-for-stm32.12.3.rel1.win32_1.1.0.202410251130/tools/bin/../lib/gcc/arm-none-eabi/12.3.1/../../../../arm-none-eabi/lib/thumb/v7e-m+fp/hard/crt0.o
LOAD ./Core/Src/main.o
LOAD ./Core/Src/stm32f4xx_hal_msp.o
LOAD ./Core/Src/stm32f4xx_it.o
LOAD ./Core/Src/syscalls.o
LOAD ./Core/Src/sysmem.o
LOAD ./Core/Src/system_stm32f4xx.o
LOAD ./Core/Src/uFRI.o
LOAD ./Core/Startup/startup_stm32f401retx.o
LOAD ./Drivers/STM32F4xx_HAL_Driver/Src/stm32f4xx_hal.o
LOAD ./Drivers/STM32F4xx_HAL_Driver/Src/stm32f4xx_hal_adc.o
LOAD ./Drivers/STM32F4xx_HAL_Driver/Src/stm32f4xx_hal_adc_ex.o
LOAD ./Drivers/STM32F4xx_HAL_Driver/Src/stm32f4xx_hal_cortex.o
LOAD ./Drivers/STM32F4xx_HAL_Driver/Src/stm32f4xx_hal_dma.o
LOAD ./Drivers/STM32F4xx_HAL_Driver/Src/stm32f4xx_hal_dma_ex.o
LOAD ./Drivers/STM32F4xx_HAL_Driver/Src/stm32f4xx_hal_exti.o
LOAD ./Drivers/STM32F4xx_HAL_Driver/Src/stm32f4xx_hal_flash.o
LOAD ./Drivers/STM32F4xx_HAL_Driver/Src/stm32f4xx_hal_flash_ex.o
LOAD ./Drivers/STM32F4xx_HAL_Driver/Src/stm32f4xx_hal_flash_ramfunc.o
LOAD ./Drivers/STM32F4xx_HAL_Driver/Src/stm32f4xx_hal_gpio.o
LOAD ./Drivers/STM32F4xx_HAL_Driver/Src/stm32f4xx_hal_pwr.o
LOAD ./Drivers/STM32F4xx_HAL_Driver/Src/stm32f4xx_hal_pwr_ex.o
LOAD ./Drivers/STM32F4xx_HAL_Driver/Src/stm32f4xx_hal_rcc.o
LOAD ./Drivers/STM32F4xx_HAL_Driver/Src/stm32f4xx_hal_rcc_ex.o
LOAD ./Drivers/STM32F4xx_HAL_Driver/Src/stm32f4xx_hal_tim.o
LOAD ./Drivers/STM32F4xx_HAL_Driver/Src/stm32f4xx_hal_tim_ex.o
LOAD ./Drivers/STM32F4xx_HAL_Driver/Src/stm32f4xx_hal_uart.o
LOAD ./Drivers/STM32F4xx_HAL_Driver/Src/stm32f4xx_ll_adc.o
START GROUP
LOAD C:/ST/STM32CubeIDE_1.13.1/STM32CubeIDE/plugins/com.st.stm32cube.ide.mcu.externaltools.gnu-tools-for-stm32.12.3.rel1.win32_1.1.0.202410251130/tools/bin/../lib/gcc/arm-none-eabi/12.3.1/../../../../arm-none-eabi/lib/thumb/v7e-m+fp/hard\libc_nano.a
LOAD C:/ST/STM32CubeIDE_1.13.1/STM32CubeIDE/plugins/com.st.stm32cube.ide.mcu.externaltools.gnu-tools-for-stm32.12.3.rel1.win32_1.1.0.202410251130/tools/bin/../lib/gcc/arm-none-eabi/12.3.1/../../../../arm-none-eabi/lib/thumb/v7e-m+fp/hard\libm.a
END GROUP
START GROUP
LOAD C:/ST/STM32CubeIDE_1.13.1/STM32CubeIDE/plugins/com.st.stm32cube.ide.mcu.externaltools.gnu-tools-for-stm32.12.3.rel1.win32_1.1.0.202410251130/tools/bin/../lib/gcc/arm-none-eabi/12.3.1/thumb/v7e-m+fp/hard\libgcc.a
LOAD C:/ST/STM32CubeIDE_1.13.1/STM32CubeIDE/plugins/com.st.stm32cube.ide.mcu.externaltools.gnu-tools-for-stm32.12.3.rel1.win32_1.1.0.202410251130/tools/bin/../lib/gcc/arm-none-eabi/12.3.1/../../../../arm-none-eabi/lib/thumb/v7e-m+fp/hard\libc_nano.a
END GROUP
START GROUP
LOAD C:/ST/STM32CubeIDE_1.13.1/STM32CubeIDE/plugins/com.st.stm32cube.ide.mcu.externaltools.gnu-tools-for-stm32.12.3.rel1.win32_1.1.0.202410251130/tools/bin/../lib/gcc/arm-none-eabi/12.3.1/thumb/v7e-m+fp/hard\libgcc.a
LOAD C:/ST/STM32CubeIDE_1.13.1/STM32CubeIDE/plugins/com.st.stm32cube.ide.mcu.externaltools.gnu-tools-for-stm32.12.3.rel1.win32_1.1.0.202410251130/tools/bin/../lib/gcc/arm-none-eabi/12.3.1/../../../../arm-none-eabi/lib/thumb/v7e-m+fp/hard\libc_nano.a
LOAD C:/ST/STM32CubeIDE_1.13.1/STM32CubeIDE/plugins/com.st.stm32cube.ide.mcu.externaltools.gnu-tools-for-stm32.12.3.rel1.win32_1.1.0.202410251130/tools/bin/../lib/gcc/arm-none-eabi/12.3.1/../../../../arm-none-eabi/lib/thumb/v7e-m+fp/hard\libnosys.a
END GROUP
START GROUP
LOAD C:/ST/STM32CubeIDE_1.13.1/STM32CubeIDE/plugins/com.st.stm32cube.ide.mcu.externaltools.gnu-tools-for-stm32.12.3.rel1.win32_1.1.0.202410251130/tools/bin/../lib/gcc/arm-none-eabi/12.3.1/thumb/v7e-m+fp/hard\libgcc.a
LOAD C:/ST/STM32CubeIDE_1.13.1/STM32CubeIDE/plugins/com.st.stm32cube.ide.mcu.externaltools.gnu-tools-for-stm32.12.3.rel1.win32_1.1.0.202410251130/tools/bin/../lib/gcc/arm-none-eabi/12.3.1/../../../../arm-none-eabi/lib/thumb/v7e-m+fp/hard\libc_nano.a
LOAD C:/ST/STM32CubeIDE_1.13.1/STM32CubeIDE/plugins/com.st.stm32cube.ide.mcu.externaltools.gnu-tools-for-stm32.12.3.rel1.win32_1.1.0.202410251130/tools/bin/../lib/gcc/arm-none-eabi/12.3.1/../../../../arm-none-eabi/lib/thumb/v7e-m+fp/hard\libnosys.a
END GROUP
LOAD C:/ST/STM32CubeIDE_1.13.1/STM32CubeIDE/plugins/com.st.stm32cube.ide.mcu.externaltools.gnu-tools-for-stm32.12.3.rel1.win32_1.1.0.202410251130/tools/bin/../lib/gcc/arm-none-eabi/12.3.1/thumb/v7e-m+fp/hard/crtend.o
LOAD C:/ST/STM32CubeIDE_1.13.1/STM32CubeIDE/plugins/com.st.stm32cube.ide.mcu.externaltools.gnu-tools-for-stm32.12.3.rel1.win32_1.1.0.202410251130/tools/bin/../lib/gcc/arm-none-eabi/12.3.1/thumb/v7e-m+fp/hard/crtn.o
                0x20018000                        _estack = (ORIGIN (RAM) + LENGTH (RAM))
                0x00000200                        _Min_Heap_Size = 0x200
                0x00000400                        _Min_Stack_Size = 0x400

.isr_vector     0x08000000      0x194
                0x08000000                        . = ALIGN (0x4)
 *(.isr_vector)
 .isr_vector    0x08000000      0x194 ./Core/Startup/startup_stm32f401retx.o
                0x08000000                g_pfnVectors
                0x08000194                        . = ALIGN (0x4)

.text           0x08000194     0x5ae8
                0x08000194                        . = ALIGN (0x4)
 *(.text)
 .text          0x08000194       0x40 C:/ST/STM32CubeIDE_1.13.1/STM32CubeIDE/plugins/com.st.stm32cube.ide.mcu.externaltools.gnu-tools-for-stm32.12.3.rel1.win32_1.1.0.202410251130/tools/bin/../lib/gcc/arm-none-eabi/12.3.1/thumb/v7e-m+fp/hard/crtbegin.o
 .text          0x080001d4      0x378 C:/ST/STM32CubeIDE_1.13.1/STM32CubeIDE/plugins/com.st.stm32cube.ide.mcu.externaltools.gnu-tools-for-stm32.12.3.rel1.win32_1.1.0.202410251130/tools/bin/../lib/gcc/arm-none-eabi/12.3.1/thumb/v7e-m+fp/hard\libgcc.a(_arm_addsubdf3.o)
                0x080001d4                __aeabi_drsub
                0x080001dc                __aeabi_dsub
                0x080001dc                __subdf3
                0x080001e0                __aeabi_dadd
                0x080001e0                __adddf3
                0x08000458                __floatunsidf
                0x08000458                __aeabi_ui2d
                0x08000478                __floatsidf
                0x08000478                __aeabi_i2d
                0x0800049c                __aeabi_f2d
                0x0800049c                __extendsfdf2
                0x080004e0                __floatundidf
                0x080004e0                __aeabi_ul2d
                0x080004f0                __floatdidf
                0x080004f0                __aeabi_l2d
 .text          0x0800054c      0x424 C:/ST/STM32CubeIDE_1.13.1/STM32CubeIDE/plugins/com.st.stm32cube.ide.mcu.externaltools.gnu-tools-for-stm32.12.3.rel1.win32_1.1.0.202410251130/tools/bin/../lib/gcc/arm-none-eabi/12.3.1/thumb/v7e-m+fp/hard\libgcc.a(_arm_muldivdf3.o)
                0x0800054c                __aeabi_dmul
                0x0800054c                __muldf3
                0x080007a0                __divdf3
                0x080007a0                __aeabi_ddiv
 .text          0x08000970       0x40 C:/ST/STM32CubeIDE_1.13.1/STM32CubeIDE/plugins/com.st.stm32cube.ide.mcu.externaltools.gnu-tools-for-stm32.12.3.rel1.win32_1.1.0.202410251130/tools/bin/../lib/gcc/arm-none-eabi/12.3.1/thumb/v7e-m+fp/hard\libgcc.a(_arm_fixunsdfsi.o)
                0x08000970                __aeabi_d2uiz
                0x08000970                __fixunsdfsi
 .text          0x080009b0       0x30 C:/ST/STM32CubeIDE_1.13.1/STM32CubeIDE/plugins/com.st.stm32cube.ide.mcu.externaltools.gnu-tools-for-stm32.12.3.rel1.win32_1.1.0.202410251130/tools/bin/../lib/gcc/arm-none-eabi/12.3.1/thumb/v7e-m+fp/hard\libgcc.a(_aeabi_uldivmod.o)
                0x080009b0                __aeabi_uldivmod
 .text          0x080009e0      0x2bc C:/ST/STM32CubeIDE_1.13.1/STM32CubeIDE/plugins/com.st.stm32cube.ide.mcu.externaltools.gnu-tools-for-stm32.12.3.rel1.win32_1.1.0.202410251130/tools/bin/../lib/gcc/arm-none-eabi/12.3.1/thumb/v7e-m+fp/hard\libgcc.a(_udivmoddi4.o)
                0x080009e0                __udivmoddi4
 .text          0x08000c9c        0x4 C:/ST/STM32CubeIDE_1.13.1/STM32CubeIDE/plugins/com.st.stm32cube.ide.mcu.externaltools.gnu-tools-for-stm32.12.3.rel1.win32_1.1.0.202410251130/tools/bin/../lib/gcc/arm-none-eabi/12.3.1/thumb/v7e-m+fp/hard\libgcc.a(_dvmd_tls.o)
                0x08000c9c                __aeabi_idiv0
                0x08000c9c                __aeabi_ldiv0
 *(.text*)
 .text.__NVIC_SystemReset
                0x08000ca0       0x2c ./Core/Src/main.o
 .text.setDirection
                0x08000ccc      0x100 ./Core/Src/main.o
                0x08000ccc                setDirection
 .text.getDirectionFromSpeed
                0x08000dcc       0x30 ./Core/Src/main.o
                0x08000dcc                getDirectionFromSpeed
 .text.getPWMFromSpeed
                0x08000dfc       0x74 ./Core/Src/main.o
                0x08000dfc                getPWMFromSpeed
 .text.setSpeed
                0x08000e70       0x70 ./Core/Src/main.o
                0x08000e70                setSpeed
 .text.HAL_GPIO_EXTI_Callback
                0x08000ee0       0x90 ./Core/Src/main.o
                0x08000ee0                HAL_GPIO_EXTI_Callback
 .text.init_fuzzy
                0x08000f70      0x268 ./Core/Src/main.o
                0x08000f70                init_fuzzy
 .text.main     0x080011d8       0xf8 ./Core/Src/main.o
                0x080011d8                main
 .text.SystemClock_Config
                0x080012d0       0xd8 ./Core/Src/main.o
                0x080012d0                SystemClock_Config
 .text.MX_ADC1_Init
                0x080013a8      0x130 ./Core/Src/main.o
 .text.MX_TIM1_Init
                0x080014d8      0x170 ./Core/Src/main.o
 .text.MX_TIM2_Init
                0x08001648       0x98 ./Core/Src/main.o
 .text.MX_TIM3_Init
                0x080016e0      0x130 ./Core/Src/main.o
 .text.MX_TIM4_Init
                0x08001810       0x9c ./Core/Src/main.o
 .text.MX_USART2_UART_Init
                0x080018ac       0x54 ./Core/Src/main.o
 .text.MX_DMA_Init
                0x08001900       0x40 ./Core/Src/main.o
 .text.MX_GPIO_Init
                0x08001940      0x11c ./Core/Src/main.o
 .text.Error_Handler
                0x08001a5c        0xc ./Core/Src/main.o
                0x08001a5c                Error_Handler
 .text.HAL_MspInit
                0x08001a68       0x50 ./Core/Src/stm32f4xx_hal_msp.o
                0x08001a68                HAL_MspInit
 .text.HAL_ADC_MspInit
                0x08001ab8      0x160 ./Core/Src/stm32f4xx_hal_msp.o
                0x08001ab8                HAL_ADC_MspInit
 .text.HAL_TIM_Base_MspInit
                0x08001c18       0xc4 ./Core/Src/stm32f4xx_hal_msp.o
                0x08001c18                HAL_TIM_Base_MspInit
 .text.HAL_TIM_MspPostInit
                0x08001cdc       0xc8 ./Core/Src/stm32f4xx_hal_msp.o
                0x08001cdc                HAL_TIM_MspPostInit
 .text.HAL_UART_MspInit
                0x08001da4       0x90 ./Core/Src/stm32f4xx_hal_msp.o
                0x08001da4                HAL_UART_MspInit
 .text.NMI_Handler
                0x08001e34        0x8 ./Core/Src/stm32f4xx_it.o
                0x08001e34                NMI_Handler
 .text.HardFault_Handler
                0x08001e3c        0x8 ./Core/Src/stm32f4xx_it.o
                0x08001e3c                HardFault_Handler
 .text.MemManage_Handler
                0x08001e44        0x8 ./Core/Src/stm32f4xx_it.o
                0x08001e44                MemManage_Handler
 .text.BusFault_Handler
                0x08001e4c        0x8 ./Core/Src/stm32f4xx_it.o
                0x08001e4c                BusFault_Handler
 .text.UsageFault_Handler
                0x08001e54        0x8 ./Core/Src/stm32f4xx_it.o
                0x08001e54                UsageFault_Handler
 .text.SVC_Handler
                0x08001e5c        0xe ./Core/Src/stm32f4xx_it.o
                0x08001e5c                SVC_Handler
 .text.DebugMon_Handler
                0x08001e6a        0xe ./Core/Src/stm32f4xx_it.o
                0x08001e6a                DebugMon_Handler
 .text.PendSV_Handler
                0x08001e78        0xe ./Core/Src/stm32f4xx_it.o
                0x08001e78                PendSV_Handler
 .text.SysTick_Handler
                0x08001e86        0xc ./Core/Src/stm32f4xx_it.o
                0x08001e86                SysTick_Handler
 .text.EXTI15_10_IRQHandler
                0x08001e92       0x10 ./Core/Src/stm32f4xx_it.o
                0x08001e92                EXTI15_10_IRQHandler
 *fill*         0x08001ea2        0x2 
 .text.DMA2_Stream0_IRQHandler
                0x08001ea4       0x14 ./Core/Src/stm32f4xx_it.o
                0x08001ea4                DMA2_Stream0_IRQHandler
 .text._sbrk    0x08001eb8       0x6c ./Core/Src/sysmem.o
                0x08001eb8                _sbrk
 .text.SystemInit
                0x08001f24       0x24 ./Core/Src/system_stm32f4xx.o
                0x08001f24                SystemInit
 .text.FRI_init
                0x08001f48       0x28 ./Core/Src/uFRI.o
                0x08001f48                FRI_init
 .text.FRI_linear_interpolation
                0x08001f70      0x108 ./Core/Src/uFRI.o
                0x08001f70                FRI_linear_interpolation
 .text.FRI_createUniverseArray
                0x08002078       0x50 ./Core/Src/uFRI.o
                0x08002078                FRI_createUniverseArray
 .text.FRI_initUniverseByPtr
                0x080020c8       0x34 ./Core/Src/uFRI.o
                0x080020c8                FRI_initUniverseByPtr
 .text.FRI_initUniverseById
                0x080020fc       0x3c ./Core/Src/uFRI.o
                0x080020fc                FRI_initUniverseById
 .text.FRI_addUniverseDataByPtr
                0x08002138       0x5e ./Core/Src/uFRI.o
                0x08002138                FRI_addUniverseDataByPtr
 *fill*         0x08002196        0x2 
 .text.FRI_addUniverseDataById
                0x08002198       0x38 ./Core/Src/uFRI.o
                0x08002198                FRI_addUniverseDataById
 .text.FRI_setObservationForUniverseByPtr
                0x080021d0       0x2a ./Core/Src/uFRI.o
                0x080021d0                FRI_setObservationForUniverseByPtr
 *fill*         0x080021fa        0x2 
 .text.FRI_setObservationForUniverseById
                0x080021fc       0x3c ./Core/Src/uFRI.o
                0x080021fc                FRI_setObservationForUniverseById
 .text.FRI_calculateDistanceForRule
                0x08002238      0x12c ./Core/Src/uFRI.o
                0x08002238                FRI_calculateDistanceForRule
 .text.FRI_shepard
                0x08002364      0x148 ./Core/Src/uFRI.o
                0x08002364                FRI_shepard
 .text.FRI_initRuleBasesArray
                0x080024ac       0x48 ./Core/Src/uFRI.o
                0x080024ac                FRI_initRuleBasesArray
 .text.FRI_initRuleBaseByPtr
                0x080024f4       0x34 ./Core/Src/uFRI.o
                0x080024f4                FRI_initRuleBaseByPtr
 .text.FRI_initRuleBaseById
                0x08002528       0x58 ./Core/Src/uFRI.o
                0x08002528                FRI_initRuleBaseById
 .text.FRI_initRuleByPtr
                0x08002580       0x36 ./Core/Src/uFRI.o
                0x08002580                FRI_initRuleByPtr
 *fill*         0x080025b6        0x2 
 .text.FRI_initRuleById
                0x080025b8       0x98 ./Core/Src/uFRI.o
                0x080025b8                FRI_initRuleById
 .text.FRI_addAntecedentToRuleByPtr
                0x08002650       0x72 ./Core/Src/uFRI.o
                0x08002650                FRI_addAntecedentToRuleByPtr
 *fill*         0x080026c2        0x2 
 .text.FRI_addAntecedentToRuleById
                0x080026c4       0x5c ./Core/Src/uFRI.o
                0x080026c4                FRI_addAntecedentToRuleById
 .text.FRI_getObservationById
                0x08002720       0x40 ./Core/Src/uFRI.o
                0x08002720                FRI_getObservationById
 .text.FRI_calculateAllRuleBases
                0x08002760       0x88 ./Core/Src/uFRI.o
                0x08002760                FRI_calculateAllRuleBases
 .text.FRI_addUniverseElement
                0x080027e8       0x2c ./Core/Src/uFRI.o
                0x080027e8                FRI_addUniverseElement
 .text.FRI_addRuleToRulebase
                0x08002814       0x3c ./Core/Src/uFRI.o
                0x08002814                FRI_addRuleToRulebase
 .text.FRI_addAntecedentToRule
                0x08002850       0x34 ./Core/Src/uFRI.o
                0x08002850                FRI_addAntecedentToRule
 .text.Reset_Handler
                0x08002884       0x50 ./Core/Startup/startup_stm32f401retx.o
                0x08002884                Reset_Handler
 .text.Default_Handler
                0x080028d4        0x2 ./Core/Startup/startup_stm32f401retx.o
                0x080028d4                RTC_Alarm_IRQHandler
                0x080028d4                EXTI2_IRQHandler
                0x080028d4                SPI4_IRQHandler
                0x080028d4                TIM1_CC_IRQHandler
                0x080028d4                DMA2_Stream5_IRQHandler
                0x080028d4                DMA1_Stream5_IRQHandler
                0x080028d4                PVD_IRQHandler
                0x080028d4                SDIO_IRQHandler
                0x080028d4                TAMP_STAMP_IRQHandler
                0x080028d4                EXTI3_IRQHandler
                0x080028d4                TIM1_UP_TIM10_IRQHandler
                0x080028d4                I2C3_ER_IRQHandler
                0x080028d4                EXTI0_IRQHandler
                0x080028d4                I2C2_EV_IRQHandler
                0x080028d4                DMA1_Stream2_IRQHandler
                0x080028d4                FPU_IRQHandler
                0x080028d4                DMA2_Stream2_IRQHandler
                0x080028d4                SPI1_IRQHandler
                0x080028d4                TIM1_BRK_TIM9_IRQHandler
                0x080028d4                DMA2_Stream3_IRQHandler
                0x080028d4                USART6_IRQHandler
                0x080028d4                TIM4_IRQHandler
                0x080028d4                I2C1_EV_IRQHandler
                0x080028d4                DMA1_Stream6_IRQHandler
                0x080028d4                DMA1_Stream1_IRQHandler
                0x080028d4                TIM3_IRQHandler
                0x080028d4                RCC_IRQHandler
                0x080028d4                Default_Handler
                0x080028d4                ADC_IRQHandler
                0x080028d4                DMA1_Stream7_IRQHandler
                0x080028d4                TIM5_IRQHandler
                0x080028d4                DMA2_Stream7_IRQHandler
                0x080028d4                I2C3_EV_IRQHandler
                0x080028d4                EXTI9_5_IRQHandler
                0x080028d4                RTC_WKUP_IRQHandler
                0x080028d4                SPI2_IRQHandler
                0x080028d4                DMA1_Stream0_IRQHandler
                0x080028d4                EXTI4_IRQHandler
                0x080028d4                WWDG_IRQHandler
                0x080028d4                TIM2_IRQHandler
                0x080028d4                OTG_FS_WKUP_IRQHandler
                0x080028d4                TIM1_TRG_COM_TIM11_IRQHandler
                0x080028d4                EXTI1_IRQHandler
                0x080028d4                USART2_IRQHandler
                0x080028d4                I2C2_ER_IRQHandler
                0x080028d4                DMA2_Stream1_IRQHandler
                0x080028d4                FLASH_IRQHandler
                0x080028d4                DMA2_Stream4_IRQHandler
                0x080028d4                USART1_IRQHandler
                0x080028d4                OTG_FS_IRQHandler
                0x080028d4                SPI3_IRQHandler
                0x080028d4                DMA1_Stream4_IRQHandler
                0x080028d4                I2C1_ER_IRQHandler
                0x080028d4                DMA2_Stream6_IRQHandler
                0x080028d4                DMA1_Stream3_IRQHandler
 *fill*         0x080028d6        0x2 
 .text.HAL_Init
                0x080028d8       0x44 ./Drivers/STM32F4xx_HAL_Driver/Src/stm32f4xx_hal.o
                0x080028d8                HAL_Init
 .text.HAL_InitTick
                0x0800291c       0x60 ./Drivers/STM32F4xx_HAL_Driver/Src/stm32f4xx_hal.o
                0x0800291c                HAL_InitTick
 .text.HAL_IncTick
                0x0800297c       0x28 ./Drivers/STM32F4xx_HAL_Driver/Src/stm32f4xx_hal.o
                0x0800297c                HAL_IncTick
 .text.HAL_GetTick
                0x080029a4       0x18 ./Drivers/STM32F4xx_HAL_Driver/Src/stm32f4xx_hal.o
                0x080029a4                HAL_GetTick
 .text.HAL_Delay
                0x080029bc       0x48 ./Drivers/STM32F4xx_HAL_Driver/Src/stm32f4xx_hal.o
                0x080029bc                HAL_Delay
 .text.HAL_ADC_Init
                0x08002a04       0x86 ./Drivers/STM32F4xx_HAL_Driver/Src/stm32f4xx_hal_adc.o
                0x08002a04                HAL_ADC_Init
 *fill*         0x08002a8a        0x2 
 .text.HAL_ADC_Start_DMA
                0x08002a8c      0x1e0 ./Drivers/STM32F4xx_HAL_Driver/Src/stm32f4xx_hal_adc.o
                0x08002a8c                HAL_ADC_Start_DMA
 .text.HAL_ADC_ConvCpltCallback
                0x08002c6c       0x14 ./Drivers/STM32F4xx_HAL_Driver/Src/stm32f4xx_hal_adc.o
                0x08002c6c                HAL_ADC_ConvCpltCallback
 .text.HAL_ADC_ConvHalfCpltCallback
                0x08002c80       0x14 ./Drivers/STM32F4xx_HAL_Driver/Src/stm32f4xx_hal_adc.o
                0x08002c80                HAL_ADC_ConvHalfCpltCallback
 .text.HAL_ADC_ErrorCallback
                0x08002c94       0x14 ./Drivers/STM32F4xx_HAL_Driver/Src/stm32f4xx_hal_adc.o
                0x08002c94                HAL_ADC_ErrorCallback
 .text.HAL_ADC_ConfigChannel
                0x08002ca8      0x244 ./Drivers/STM32F4xx_HAL_Driver/Src/stm32f4xx_hal_adc.o
                0x08002ca8                HAL_ADC_ConfigChannel
 .text.ADC_Init
                0x08002eec      0x1f8 ./Drivers/STM32F4xx_HAL_Driver/Src/stm32f4xx_hal_adc.o
 .text.ADC_DMAConvCplt
                0x080030e4       0xba ./Drivers/STM32F4xx_HAL_Driver/Src/stm32f4xx_hal_adc.o
 .text.ADC_DMAHalfConvCplt
                0x0800319e       0x1c ./Drivers/STM32F4xx_HAL_Driver/Src/stm32f4xx_hal_adc.o
 .text.ADC_DMAError
                0x080031ba       0x2e ./Drivers/STM32F4xx_HAL_Driver/Src/stm32f4xx_hal_adc.o
 .text.__NVIC_SetPriorityGrouping
                0x080031e8       0x48 ./Drivers/STM32F4xx_HAL_Driver/Src/stm32f4xx_hal_cortex.o
 .text.__NVIC_GetPriorityGrouping
                0x08003230       0x1c ./Drivers/STM32F4xx_HAL_Driver/Src/stm32f4xx_hal_cortex.o
 .text.__NVIC_EnableIRQ
                0x0800324c       0x3c ./Drivers/STM32F4xx_HAL_Driver/Src/stm32f4xx_hal_cortex.o
 .text.__NVIC_SetPriority
                0x08003288       0x54 ./Drivers/STM32F4xx_HAL_Driver/Src/stm32f4xx_hal_cortex.o
 .text.NVIC_EncodePriority
                0x080032dc       0x66 ./Drivers/STM32F4xx_HAL_Driver/Src/stm32f4xx_hal_cortex.o
 *fill*         0x08003342        0x2 
 .text.SysTick_Config
                0x08003344       0x44 ./Drivers/STM32F4xx_HAL_Driver/Src/stm32f4xx_hal_cortex.o
 .text.HAL_NVIC_SetPriorityGrouping
                0x08003388       0x16 ./Drivers/STM32F4xx_HAL_Driver/Src/stm32f4xx_hal_cortex.o
                0x08003388                HAL_NVIC_SetPriorityGrouping
 .text.HAL_NVIC_SetPriority
                0x0800339e       0x38 ./Drivers/STM32F4xx_HAL_Driver/Src/stm32f4xx_hal_cortex.o
                0x0800339e                HAL_NVIC_SetPriority
 .text.HAL_NVIC_EnableIRQ
                0x080033d6       0x1c ./Drivers/STM32F4xx_HAL_Driver/Src/stm32f4xx_hal_cortex.o
                0x080033d6                HAL_NVIC_EnableIRQ
 .text.HAL_SYSTICK_Config
                0x080033f2       0x18 ./Drivers/STM32F4xx_HAL_Driver/Src/stm32f4xx_hal_cortex.o
                0x080033f2                HAL_SYSTICK_Config
 *fill*         0x0800340a        0x2 
 .text.HAL_DMA_Init
                0x0800340c      0x15c ./Drivers/STM32F4xx_HAL_Driver/Src/stm32f4xx_hal_dma.o
                0x0800340c                HAL_DMA_Init
 .text.HAL_DMA_Start_IT
                0x08003568       0xb0 ./Drivers/STM32F4xx_HAL_Driver/Src/stm32f4xx_hal_dma.o
                0x08003568                HAL_DMA_Start_IT
 .text.HAL_DMA_IRQHandler
                0x08003618      0x314 ./Drivers/STM32F4xx_HAL_Driver/Src/stm32f4xx_hal_dma.o
                0x08003618                HAL_DMA_IRQHandler
 .text.DMA_SetConfig
                0x0800392c       0x5c ./Drivers/STM32F4xx_HAL_Driver/Src/stm32f4xx_hal_dma.o
 .text.DMA_CalcBaseAndBitshift
                0x08003988       0x6c ./Drivers/STM32F4xx_HAL_Driver/Src/stm32f4xx_hal_dma.o
 .text.DMA_CheckFifoParam
                0x080039f4       0xf8 ./Drivers/STM32F4xx_HAL_Driver/Src/stm32f4xx_hal_dma.o
 .text.HAL_GPIO_Init
                0x08003aec      0x308 ./Drivers/STM32F4xx_HAL_Driver/Src/stm32f4xx_hal_gpio.o
                0x08003aec                HAL_GPIO_Init
 .text.HAL_GPIO_WritePin
                0x08003df4       0x32 ./Drivers/STM32F4xx_HAL_Driver/Src/stm32f4xx_hal_gpio.o
                0x08003df4                HAL_GPIO_WritePin
 *fill*         0x08003e26        0x2 
 .text.HAL_GPIO_EXTI_IRQHandler
                0x08003e28       0x30 ./Drivers/STM32F4xx_HAL_Driver/Src/stm32f4xx_hal_gpio.o
                0x08003e28                HAL_GPIO_EXTI_IRQHandler
 .text.HAL_RCC_OscConfig
                0x08003e58      0x4f0 ./Drivers/STM32F4xx_HAL_Driver/Src/stm32f4xx_hal_rcc.o
                0x08003e58                HAL_RCC_OscConfig
 .text.HAL_RCC_ClockConfig
                0x08004348      0x1cc ./Drivers/STM32F4xx_HAL_Driver/Src/stm32f4xx_hal_rcc.o
                0x08004348                HAL_RCC_ClockConfig
 .text.HAL_RCC_GetSysClockFreq
                0x08004514      0x20c ./Drivers/STM32F4xx_HAL_Driver/Src/stm32f4xx_hal_rcc.o
                0x08004514                HAL_RCC_GetSysClockFreq
 .text.HAL_RCC_GetHCLKFreq
                0x08004720       0x18 ./Drivers/STM32F4xx_HAL_Driver/Src/stm32f4xx_hal_rcc.o
                0x08004720                HAL_RCC_GetHCLKFreq
 .text.HAL_RCC_GetPCLK1Freq
                0x08004738       0x28 ./Drivers/STM32F4xx_HAL_Driver/Src/stm32f4xx_hal_rcc.o
                0x08004738                HAL_RCC_GetPCLK1Freq
 .text.HAL_RCC_GetPCLK2Freq
                0x08004760       0x28 ./Drivers/STM32F4xx_HAL_Driver/Src/stm32f4xx_hal_rcc.o
                0x08004760                HAL_RCC_GetPCLK2Freq
 .text.HAL_TIM_Base_Init
                0x08004788       0x9e ./Drivers/STM32F4xx_HAL_Driver/Src/stm32f4xx_hal_tim.o
                0x08004788                HAL_TIM_Base_Init
 .text.HAL_TIM_PWM_Init
                0x08004826       0x9e ./Drivers/STM32F4xx_HAL_Driver/Src/stm32f4xx_hal_tim.o
                0x08004826                HAL_TIM_PWM_Init
 .text.HAL_TIM_PWM_MspInit
                0x080048c4       0x14 ./Drivers/STM32F4xx_HAL_Driver/Src/stm32f4xx_hal_tim.o
                0x080048c4                HAL_TIM_PWM_MspInit
 .text.HAL_TIM_PWM_Start
                0x080048d8      0x160 ./Drivers/STM32F4xx_HAL_Driver/Src/stm32f4xx_hal_tim.o
                0x080048d8                HAL_TIM_PWM_Start
 .text.HAL_TIM_PWM_ConfigChannel
                0x08004a38      0x184 ./Drivers/STM32F4xx_HAL_Driver/Src/stm32f4xx_hal_tim.o
                0x08004a38                HAL_TIM_PWM_ConfigChannel
 .text.HAL_TIM_ConfigClockSource
                0x08004bbc      0x18e ./Drivers/STM32F4xx_HAL_Driver/Src/stm32f4xx_hal_tim.o
                0x08004bbc                HAL_TIM_ConfigClockSource
 *fill*         0x08004d4a        0x2 
 .text.TIM_Base_SetConfig
                0x08004d4c      0x118 ./Drivers/STM32F4xx_HAL_Driver/Src/stm32f4xx_hal_tim.o
                0x08004d4c                TIM_Base_SetConfig
 .text.TIM_OC1_SetConfig
                0x08004e64       0xcc ./Drivers/STM32F4xx_HAL_Driver/Src/stm32f4xx_hal_tim.o
 .text.TIM_OC2_SetConfig
                0x08004f30       0xd8 ./Drivers/STM32F4xx_HAL_Driver/Src/stm32f4xx_hal_tim.o
                0x08004f30                TIM_OC2_SetConfig
 .text.TIM_OC3_SetConfig
                0x08005008       0xd4 ./Drivers/STM32F4xx_HAL_Driver/Src/stm32f4xx_hal_tim.o
 .text.TIM_OC4_SetConfig
                0x080050dc       0xa0 ./Drivers/STM32F4xx_HAL_Driver/Src/stm32f4xx_hal_tim.o
 .text.TIM_TI1_ConfigInputStage
                0x0800517c       0x5e ./Drivers/STM32F4xx_HAL_Driver/Src/stm32f4xx_hal_tim.o
 .text.TIM_TI2_ConfigInputStage
                0x080051da       0x60 ./Drivers/STM32F4xx_HAL_Driver/Src/stm32f4xx_hal_tim.o
 .text.TIM_ITRx_SetConfig
                0x0800523a       0x36 ./Drivers/STM32F4xx_HAL_Driver/Src/stm32f4xx_hal_tim.o
 .text.TIM_ETR_SetConfig
                0x08005270       0x40 ./Drivers/STM32F4xx_HAL_Driver/Src/stm32f4xx_hal_tim.o
                0x08005270                TIM_ETR_SetConfig
 .text.TIM_CCxChannelCmd
                0x080052b0       0x4a ./Drivers/STM32F4xx_HAL_Driver/Src/stm32f4xx_hal_tim.o
                0x080052b0                TIM_CCxChannelCmd
 *fill*         0x080052fa        0x2 
 .text.HAL_TIMEx_MasterConfigSynchronization
                0x080052fc       0xdc ./Drivers/STM32F4xx_HAL_Driver/Src/stm32f4xx_hal_tim_ex.o
                0x080052fc                HAL_TIMEx_MasterConfigSynchronization
 .text.HAL_TIMEx_ConfigBreakDeadTime
                0x080053d8       0xa4 ./Drivers/STM32F4xx_HAL_Driver/Src/stm32f4xx_hal_tim_ex.o
                0x080053d8                HAL_TIMEx_ConfigBreakDeadTime
 .text.HAL_UART_Init
                0x0800547c       0xa0 ./Drivers/STM32F4xx_HAL_Driver/Src/stm32f4xx_hal_uart.o
                0x0800547c                HAL_UART_Init
 .text.UART_SetConfig
                0x0800551c      0x4e8 ./Drivers/STM32F4xx_HAL_Driver/Src/stm32f4xx_hal_uart.o
 .text.calloc   0x08005a04       0x10 C:/ST/STM32CubeIDE_1.13.1/STM32CubeIDE/plugins/com.st.stm32cube.ide.mcu.externaltools.gnu-tools-for-stm32.12.3.rel1.win32_1.1.0.202410251130/tools/bin/../lib/gcc/arm-none-eabi/12.3.1/../../../../arm-none-eabi/lib/thumb/v7e-m+fp/hard\libc_nano.a(libc_a-calloc.o)
                0x08005a04                calloc
 .text._calloc_r
                0x08005a14       0x28 C:/ST/STM32CubeIDE_1.13.1/STM32CubeIDE/plugins/com.st.stm32cube.ide.mcu.externaltools.gnu-tools-for-stm32.12.3.rel1.win32_1.1.0.202410251130/tools/bin/../lib/gcc/arm-none-eabi/12.3.1/../../../../arm-none-eabi/lib/thumb/v7e-m+fp/hard\libc_nano.a(libc_a-callocr.o)
                0x08005a14                _calloc_r
 .text.sbrk_aligned
                0x08005a3c       0x44 C:/ST/STM32CubeIDE_1.13.1/STM32CubeIDE/plugins/com.st.stm32cube.ide.mcu.externaltools.gnu-tools-for-stm32.12.3.rel1.win32_1.1.0.202410251130/tools/bin/../lib/gcc/arm-none-eabi/12.3.1/../../../../arm-none-eabi/lib/thumb/v7e-m+fp/hard\libc_nano.a(libc_a-mallocr.o)
 .text._malloc_r
                0x08005a80      0x100 C:/ST/STM32CubeIDE_1.13.1/STM32CubeIDE/plugins/com.st.stm32cube.ide.mcu.externaltools.gnu-tools-for-stm32.12.3.rel1.win32_1.1.0.202410251130/tools/bin/../lib/gcc/arm-none-eabi/12.3.1/../../../../arm-none-eabi/lib/thumb/v7e-m+fp/hard\libc_nano.a(libc_a-mallocr.o)
                0x08005a80                _malloc_r
 .text.__malloc_lock
                0x08005b80        0xc C:/ST/STM32CubeIDE_1.13.1/STM32CubeIDE/plugins/com.st.stm32cube.ide.mcu.externaltools.gnu-tools-for-stm32.12.3.rel1.win32_1.1.0.202410251130/tools/bin/../lib/gcc/arm-none-eabi/12.3.1/../../../../arm-none-eabi/lib/thumb/v7e-m+fp/hard\libc_nano.a(libc_a-mlock.o)
                0x08005b80                __malloc_lock
 .text.__malloc_unlock
                0x08005b8c        0xc C:/ST/STM32CubeIDE_1.13.1/STM32CubeIDE/plugins/com.st.stm32cube.ide.mcu.externaltools.gnu-tools-for-stm32.12.3.rel1.win32_1.1.0.202410251130/tools/bin/../lib/gcc/arm-none-eabi/12.3.1/../../../../arm-none-eabi/lib/thumb/v7e-m+fp/hard\libc_nano.a(libc_a-mlock.o)
                0x08005b8c                __malloc_unlock
 .text.memset   0x08005b98       0x10 C:/ST/STM32CubeIDE_1.13.1/STM32CubeIDE/plugins/com.st.stm32cube.ide.mcu.externaltools.gnu-tools-for-stm32.12.3.rel1.win32_1.1.0.202410251130/tools/bin/../lib/gcc/arm-none-eabi/12.3.1/../../../../arm-none-eabi/lib/thumb/v7e-m+fp/hard\libc_nano.a(libc_a-memset.o)
                0x08005b98                memset
 .text._sbrk_r  0x08005ba8       0x20 C:/ST/STM32CubeIDE_1.13.1/STM32CubeIDE/plugins/com.st.stm32cube.ide.mcu.externaltools.gnu-tools-for-stm32.12.3.rel1.win32_1.1.0.202410251130/tools/bin/../lib/gcc/arm-none-eabi/12.3.1/../../../../arm-none-eabi/lib/thumb/v7e-m+fp/hard\libc_nano.a(libc_a-sbrkr.o)
                0x08005ba8                _sbrk_r
 .text.__errno  0x08005bc8        0xc C:/ST/STM32CubeIDE_1.13.1/STM32CubeIDE/plugins/com.st.stm32cube.ide.mcu.externaltools.gnu-tools-for-stm32.12.3.rel1.win32_1.1.0.202410251130/tools/bin/../lib/gcc/arm-none-eabi/12.3.1/../../../../arm-none-eabi/lib/thumb/v7e-m+fp/hard\libc_nano.a(libc_a-errno.o)
                0x08005bc8                __errno
 .text.__libc_init_array
                0x08005bd4       0x48 C:/ST/STM32CubeIDE_1.13.1/STM32CubeIDE/plugins/com.st.stm32cube.ide.mcu.externaltools.gnu-tools-for-stm32.12.3.rel1.win32_1.1.0.202410251130/tools/bin/../lib/gcc/arm-none-eabi/12.3.1/../../../../arm-none-eabi/lib/thumb/v7e-m+fp/hard\libc_nano.a(libc_a-init.o)
                0x08005bd4                __libc_init_array
 .text.__retarget_lock_acquire_recursive
                0x08005c1c        0x2 C:/ST/STM32CubeIDE_1.13.1/STM32CubeIDE/plugins/com.st.stm32cube.ide.mcu.externaltools.gnu-tools-for-stm32.12.3.rel1.win32_1.1.0.202410251130/tools/bin/../lib/gcc/arm-none-eabi/12.3.1/../../../../arm-none-eabi/lib/thumb/v7e-m+fp/hard\libc_nano.a(libc_a-lock.o)
                0x08005c1c                __retarget_lock_acquire_recursive
 .text.__retarget_lock_release_recursive
                0x08005c1e        0x2 C:/ST/STM32CubeIDE_1.13.1/STM32CubeIDE/plugins/com.st.stm32cube.ide.mcu.externaltools.gnu-tools-for-stm32.12.3.rel1.win32_1.1.0.202410251130/tools/bin/../lib/gcc/arm-none-eabi/12.3.1/../../../../arm-none-eabi/lib/thumb/v7e-m+fp/hard\libc_nano.a(libc_a-lock.o)
                0x08005c1e                __retarget_lock_release_recursive
 .text.sqrtf    0x08005c20       0x3c C:/ST/STM32CubeIDE_1.13.1/STM32CubeIDE/plugins/com.st.stm32cube.ide.mcu.externaltools.gnu-tools-for-stm32.12.3.rel1.win32_1.1.0.202410251130/tools/bin/../lib/gcc/arm-none-eabi/12.3.1/../../../../arm-none-eabi/lib/thumb/v7e-m+fp/hard\libm.a(libm_a-wf_sqrt.o)
                0x08005c20                sqrtf
 .text.__ieee754_sqrtf
                0x08005c5c        0x6 C:/ST/STM32CubeIDE_1.13.1/STM32CubeIDE/plugins/com.st.stm32cube.ide.mcu.externaltools.gnu-tools-for-stm32.12.3.rel1.win32_1.1.0.202410251130/tools/bin/../lib/gcc/arm-none-eabi/12.3.1/../../../../arm-none-eabi/lib/thumb/v7e-m+fp/hard\libm.a(libm_a-ef_sqrt.o)
                0x08005c5c                __ieee754_sqrtf
 *(.glue_7)
 .glue_7        0x08005c62        0x0 linker stubs
 *(.glue_7t)
 .glue_7t       0x08005c62        0x0 linker stubs
 *(.eh_frame)
 *fill*         0x08005c62        0x2 
 .eh_frame      0x08005c64        0x0 C:/ST/STM32CubeIDE_1.13.1/STM32CubeIDE/plugins/com.st.stm32cube.ide.mcu.externaltools.gnu-tools-for-stm32.12.3.rel1.win32_1.1.0.202410251130/tools/bin/../lib/gcc/arm-none-eabi/12.3.1/thumb/v7e-m+fp/hard/crtbegin.o
 *(.init)
 .init          0x08005c64        0x4 C:/ST/STM32CubeIDE_1.13.1/STM32CubeIDE/plugins/com.st.stm32cube.ide.mcu.externaltools.gnu-tools-for-stm32.12.3.rel1.win32_1.1.0.202410251130/tools/bin/../lib/gcc/arm-none-eabi/12.3.1/thumb/v7e-m+fp/hard/crti.o
                0x08005c64                _init
 .init          0x08005c68        0x8 C:/ST/STM32CubeIDE_1.13.1/STM32CubeIDE/plugins/com.st.stm32cube.ide.mcu.externaltools.gnu-tools-for-stm32.12.3.rel1.win32_1.1.0.202410251130/tools/bin/../lib/gcc/arm-none-eabi/12.3.1/thumb/v7e-m+fp/hard/crtn.o
 *(.fini)
 .fini          0x08005c70        0x4 C:/ST/STM32CubeIDE_1.13.1/STM32CubeIDE/plugins/com.st.stm32cube.ide.mcu.externaltools.gnu-tools-for-stm32.12.3.rel1.win32_1.1.0.202410251130/tools/bin/../lib/gcc/arm-none-eabi/12.3.1/thumb/v7e-m+fp/hard/crti.o
                0x08005c70                _fini
 .fini          0x08005c74        0x8 C:/ST/STM32CubeIDE_1.13.1/STM32CubeIDE/plugins/com.st.stm32cube.ide.mcu.externaltools.gnu-tools-for-stm32.12.3.rel1.win32_1.1.0.202410251130/tools/bin/../lib/gcc/arm-none-eabi/12.3.1/thumb/v7e-m+fp/hard/crtn.o
                0x08005c7c                        . = ALIGN (0x4)
                0x08005c7c                        _etext = .

.vfp11_veneer   0x08005c7c        0x0
 .vfp11_veneer  0x08005c7c        0x0 linker stubs

.v4_bx          0x08005c7c        0x0
 .v4_bx         0x08005c7c        0x0 linker stubs

.iplt           0x08005c7c        0x0
 .iplt          0x08005c7c        0x0 C:/ST/STM32CubeIDE_1.13.1/STM32CubeIDE/plugins/com.st.stm32cube.ide.mcu.externaltools.gnu-tools-for-stm32.12.3.rel1.win32_1.1.0.202410251130/tools/bin/../lib/gcc/arm-none-eabi/12.3.1/thumb/v7e-m+fp/hard/crtbegin.o

.rodata         0x08005c7c      0x420
                0x08005c7c                        . = ALIGN (0x4)
 *(.rodata)
 *(.rodata*)
 .rodata.AHBPrescTable
                0x08005c7c       0x10 ./Core/Src/system_stm32f4xx.o
                0x08005c7c                AHBPrescTable
 .rodata.APBPrescTable
                0x08005c8c        0x8 ./Core/Src/system_stm32f4xx.o
                0x08005c8c                APBPrescTable
 .rodata.dimension_sqrt
                0x08005c94      0x400 ./Core/Src/uFRI.o
                0x08005c94                dimension_sqrt
 .rodata.flagBitshiftOffset.0
                0x08006094        0x8 ./Drivers/STM32F4xx_HAL_Driver/Src/stm32f4xx_hal_dma.o
                0x0800609c                        . = ALIGN (0x4)

.ARM.extab      0x0800609c        0x0
                0x0800609c                        . = ALIGN (0x4)
 *(.ARM.extab* .gnu.linkonce.armextab.*)
                0x0800609c                        . = ALIGN (0x4)

.ARM            0x0800609c        0x8
                0x0800609c                        . = ALIGN (0x4)
                0x0800609c                        __exidx_start = .
 *(.ARM.exidx*)
 .ARM.exidx     0x0800609c        0x8 C:/ST/STM32CubeIDE_1.13.1/STM32CubeIDE/plugins/com.st.stm32cube.ide.mcu.externaltools.gnu-tools-for-stm32.12.3.rel1.win32_1.1.0.202410251130/tools/bin/../lib/gcc/arm-none-eabi/12.3.1/thumb/v7e-m+fp/hard\libgcc.a(_udivmoddi4.o)
                0x080060a4                        __exidx_end = .
                0x080060a4                        . = ALIGN (0x4)

.preinit_array  0x080060a4        0x0
                0x080060a4                        . = ALIGN (0x4)
                0x080060a4                        PROVIDE (__preinit_array_start = .)
 *(.preinit_array*)
                0x080060a4                        PROVIDE (__preinit_array_end = .)
                0x080060a4                        . = ALIGN (0x4)

.init_array     0x080060a4        0x4
                0x080060a4                        . = ALIGN (0x4)
                0x080060a4                        PROVIDE (__init_array_start = .)
 *(SORT_BY_NAME(.init_array.*))
 *(.init_array*)
 .init_array    0x080060a4        0x4 C:/ST/STM32CubeIDE_1.13.1/STM32CubeIDE/plugins/com.st.stm32cube.ide.mcu.externaltools.gnu-tools-for-stm32.12.3.rel1.win32_1.1.0.202410251130/tools/bin/../lib/gcc/arm-none-eabi/12.3.1/thumb/v7e-m+fp/hard/crtbegin.o
                0x080060a8                        PROVIDE (__init_array_end = .)
                0x080060a8                        . = ALIGN (0x4)

.fini_array     0x080060a8        0x4
                0x080060a8                        . = ALIGN (0x4)
                [!provide]                        PROVIDE (__fini_array_start = .)
 *(SORT_BY_NAME(.fini_array.*))
 *(.fini_array*)
 .fini_array    0x080060a8        0x4 C:/ST/STM32CubeIDE_1.13.1/STM32CubeIDE/plugins/com.st.stm32cube.ide.mcu.externaltools.gnu-tools-for-stm32.12.3.rel1.win32_1.1.0.202410251130/tools/bin/../lib/gcc/arm-none-eabi/12.3.1/thumb/v7e-m+fp/hard/crtbegin.o
                [!provide]                        PROVIDE (__fini_array_end = .)
                0x080060ac                        . = ALIGN (0x4)
                0x080060ac                        _sidata = LOADADDR (.data)

.rel.dyn        0x080060ac        0x0
 .rel.iplt      0x080060ac        0x0 C:/ST/STM32CubeIDE_1.13.1/STM32CubeIDE/plugins/com.st.stm32cube.ide.mcu.externaltools.gnu-tools-for-stm32.12.3.rel1.win32_1.1.0.202410251130/tools/bin/../lib/gcc/arm-none-eabi/12.3.1/thumb/v7e-m+fp/hard/crtbegin.o

.data           0x20000000       0x5c load address 0x080060ac
                0x20000000                        . = ALIGN (0x4)
                0x20000000                        _sdata = .
 *(.data)
 *(.data*)
 .data.SystemCoreClock
                0x20000000        0x4 ./Core/Src/system_stm32f4xx.o
                0x20000000                SystemCoreClock
 .data.uwTickPrio
                0x20000004        0x4 ./Drivers/STM32F4xx_HAL_Driver/Src/stm32f4xx_hal.o
                0x20000004                uwTickPrio
 .data.uwTickFreq
                0x20000008        0x1 ./Drivers/STM32F4xx_HAL_Driver/Src/stm32f4xx_hal.o
                0x20000008                uwTickFreq
 *fill*         0x20000009        0x3 
 .data._impure_ptr
                0x2000000c        0x4 C:/ST/STM32CubeIDE_1.13.1/STM32CubeIDE/plugins/com.st.stm32cube.ide.mcu.externaltools.gnu-tools-for-stm32.12.3.rel1.win32_1.1.0.202410251130/tools/bin/../lib/gcc/arm-none-eabi/12.3.1/../../../../arm-none-eabi/lib/thumb/v7e-m+fp/hard\libc_nano.a(libc_a-impure.o)
                0x2000000c                _impure_ptr
 .data._impure_data
                0x20000010       0x4c C:/ST/STM32CubeIDE_1.13.1/STM32CubeIDE/plugins/com.st.stm32cube.ide.mcu.externaltools.gnu-tools-for-stm32.12.3.rel1.win32_1.1.0.202410251130/tools/bin/../lib/gcc/arm-none-eabi/12.3.1/../../../../arm-none-eabi/lib/thumb/v7e-m+fp/hard\libc_nano.a(libc_a-impure.o)
                0x20000010                _impure_data
 *(.RamFunc)
 *(.RamFunc*)
                0x2000005c                        . = ALIGN (0x4)
                0x2000005c                        _edata = .

.igot.plt       0x2000005c        0x0 load address 0x08006108
 .igot.plt      0x2000005c        0x0 C:/ST/STM32CubeIDE_1.13.1/STM32CubeIDE/plugins/com.st.stm32cube.ide.mcu.externaltools.gnu-tools-for-stm32.12.3.rel1.win32_1.1.0.202410251130/tools/bin/../lib/gcc/arm-none-eabi/12.3.1/thumb/v7e-m+fp/hard/crtbegin.o
                0x2000005c                        . = ALIGN (0x4)

.bss            0x2000005c      0x3b8 load address 0x08006108
                0x2000005c                        _sbss = .
                0x2000005c                        __bss_start__ = _sbss
 *(.bss)
 .bss           0x2000005c       0x1c C:/ST/STM32CubeIDE_1.13.1/STM32CubeIDE/plugins/com.st.stm32cube.ide.mcu.externaltools.gnu-tools-for-stm32.12.3.rel1.win32_1.1.0.202410251130/tools/bin/../lib/gcc/arm-none-eabi/12.3.1/thumb/v7e-m+fp/hard/crtbegin.o
 *(.bss*)
 .bss.hadc1     0x20000078       0x48 ./Core/Src/main.o
                0x20000078                hadc1
 .bss.hdma_adc1
                0x200000c0       0x60 ./Core/Src/main.o
                0x200000c0                hdma_adc1
 .bss.htim1     0x20000120       0x48 ./Core/Src/main.o
                0x20000120                htim1
 .bss.htim2     0x20000168       0x48 ./Core/Src/main.o
                0x20000168                htim2
 .bss.htim3     0x200001b0       0x48 ./Core/Src/main.o
                0x200001b0                htim3
 .bss.htim4     0x200001f8       0x48 ./Core/Src/main.o
                0x200001f8                htim4
 .bss.huart2    0x20000240       0x48 ./Core/Src/main.o
                0x20000240                huart2
 .bss.sL        0x20000288        0x4 ./Core/Src/main.o
                0x20000288                sL
 .bss.sR        0x2000028c        0x4 ./Core/Src/main.o
                0x2000028c                sR
 .bss.mode      0x20000290        0x4 ./Core/Src/main.o
                0x20000290                mode
 .bss.adc       0x20000294        0xc ./Core/Src/main.o
                0x20000294                adc
 .bss.blackValues
                0x200002a0        0x6 ./Core/Src/main.o
                0x200002a0                blackValues
 *fill*         0x200002a6        0x2 
 .bss.whiteValues
                0x200002a8        0x6 ./Core/Src/main.o
                0x200002a8                whiteValues
 *fill*         0x200002ae        0x2 
 .bss.__sbrk_heap_end
                0x200002b0        0x4 ./Core/Src/sysmem.o
 .bss.universes
                0x200002b4        0x4 ./Core/Src/uFRI.o
 .bss.rulebases
                0x200002b8        0x4 ./Core/Src/uFRI.o
 .bss.numberOfUniverses
                0x200002bc        0x2 ./Core/Src/uFRI.o
 .bss.numberOfRuleBases
                0x200002be        0x2 ./Core/Src/uFRI.o
 .bss.lastInitializedUniverse
                0x200002c0        0x2 ./Core/Src/uFRI.o
 .bss.lastInitializedRule
                0x200002c2        0x2 ./Core/Src/uFRI.o
 .bss.lastInitializedRuleBase
                0x200002c4        0x2 ./Core/Src/uFRI.o
 *fill*         0x200002c6        0x2 
 .bss.uwTick    0x200002c8        0x4 ./Drivers/STM32F4xx_HAL_Driver/Src/stm32f4xx_hal.o
                0x200002c8                uwTick
 .bss.__malloc_sbrk_start
                0x200002cc        0x4 C:/ST/STM32CubeIDE_1.13.1/STM32CubeIDE/plugins/com.st.stm32cube.ide.mcu.externaltools.gnu-tools-for-stm32.12.3.rel1.win32_1.1.0.202410251130/tools/bin/../lib/gcc/arm-none-eabi/12.3.1/../../../../arm-none-eabi/lib/thumb/v7e-m+fp/hard\libc_nano.a(libc_a-mallocr.o)
                0x200002cc                __malloc_sbrk_start
 .bss.__malloc_free_list
                0x200002d0        0x4 C:/ST/STM32CubeIDE_1.13.1/STM32CubeIDE/plugins/com.st.stm32cube.ide.mcu.externaltools.gnu-tools-for-stm32.12.3.rel1.win32_1.1.0.202410251130/tools/bin/../lib/gcc/arm-none-eabi/12.3.1/../../../../arm-none-eabi/lib/thumb/v7e-m+fp/hard\libc_nano.a(libc_a-mallocr.o)
                0x200002d0                __malloc_free_list
 .bss.__sf      0x200002d4      0x138 C:/ST/STM32CubeIDE_1.13.1/STM32CubeIDE/plugins/com.st.stm32cube.ide.mcu.externaltools.gnu-tools-for-stm32.12.3.rel1.win32_1.1.0.202410251130/tools/bin/../lib/gcc/arm-none-eabi/12.3.1/../../../../arm-none-eabi/lib/thumb/v7e-m+fp/hard\libc_nano.a(libc_a-findfp.o)
                0x200002d4                __sf
 .bss.errno     0x2000040c        0x4 C:/ST/STM32CubeIDE_1.13.1/STM32CubeIDE/plugins/com.st.stm32cube.ide.mcu.externaltools.gnu-tools-for-stm32.12.3.rel1.win32_1.1.0.202410251130/tools/bin/../lib/gcc/arm-none-eabi/12.3.1/../../../../arm-none-eabi/lib/thumb/v7e-m+fp/hard\libc_nano.a(libc_a-reent.o)
                0x2000040c                errno
 .bss.__lock___malloc_recursive_mutex
                0x20000410        0x1 C:/ST/STM32CubeIDE_1.13.1/STM32CubeIDE/plugins/com.st.stm32cube.ide.mcu.externaltools.gnu-tools-for-stm32.12.3.rel1.win32_1.1.0.202410251130/tools/bin/../lib/gcc/arm-none-eabi/12.3.1/../../../../arm-none-eabi/lib/thumb/v7e-m+fp/hard\libc_nano.a(libc_a-lock.o)
                0x20000410                __lock___malloc_recursive_mutex
 *(COMMON)
                0x20000414                        . = ALIGN (0x4)
 *fill*         0x20000411        0x3 
                0x20000414                        _ebss = .
                0x20000414                        __bss_end__ = _ebss

._user_heap_stack
                0x20000414      0x604 load address 0x08006108
                0x20000418                        . = ALIGN (0x8)
 *fill*         0x20000414        0x4 
                [!provide]                        PROVIDE (end = .)
                0x20000418                        PROVIDE (_end = .)
                0x20000618                        . = (. + _Min_Heap_Size)
 *fill*         0x20000418      0x200 
                0x20000a18                        . = (. + _Min_Stack_Size)
 *fill*         0x20000618      0x400 
                0x20000a18                        . = ALIGN (0x8)

/DISCARD/
 libc.a(*)
 libm.a(*)
 libgcc.a(*)

.ARM.attributes
                0x00000000       0x30
 *(.ARM.attributes)
 .ARM.attributes
                0x00000000       0x22 C:/ST/STM32CubeIDE_1.13.1/STM32CubeIDE/plugins/com.st.stm32cube.ide.mcu.externaltools.gnu-tools-for-stm32.12.3.rel1.win32_1.1.0.202410251130/tools/bin/../lib/gcc/arm-none-eabi/12.3.1/thumb/v7e-m+fp/hard/crti.o
 .ARM.attributes
                0x00000022       0x34 C:/ST/STM32CubeIDE_1.13.1/STM32CubeIDE/plugins/com.st.stm32cube.ide.mcu.externaltools.gnu-tools-for-stm32.12.3.rel1.win32_1.1.0.202410251130/tools/bin/../lib/gcc/arm-none-eabi/12.3.1/thumb/v7e-m+fp/hard/crtbegin.o
 .ARM.attributes
                0x00000056       0x34 ./Core/Src/main.o
 .ARM.attributes
                0x0000008a       0x34 ./Core/Src/stm32f4xx_hal_msp.o
 .ARM.attributes
                0x000000be       0x34 ./Core/Src/stm32f4xx_it.o
 .ARM.attributes
                0x000000f2       0x34 ./Core/Src/sysmem.o
 .ARM.attributes
                0x00000126       0x34 ./Core/Src/system_stm32f4xx.o
 .ARM.attributes
                0x0000015a       0x34 ./Core/Src/uFRI.o
 .ARM.attributes
                0x0000018e       0x21 ./Core/Startup/startup_stm32f401retx.o
 .ARM.attributes
                0x000001af       0x34 ./Drivers/STM32F4xx_HAL_Driver/Src/stm32f4xx_hal.o
 .ARM.attributes
                0x000001e3       0x34 ./Drivers/STM32F4xx_HAL_Driver/Src/stm32f4xx_hal_adc.o
 .ARM.attributes
                0x00000217       0x34 ./Drivers/STM32F4xx_HAL_Driver/Src/stm32f4xx_hal_cortex.o
 .ARM.attributes
                0x0000024b       0x34 ./Drivers/STM32F4xx_HAL_Driver/Src/stm32f4xx_hal_dma.o
 .ARM.attributes
                0x0000027f       0x34 ./Drivers/STM32F4xx_HAL_Driver/Src/stm32f4xx_hal_gpio.o
 .ARM.attributes
                0x000002b3       0x34 ./Drivers/STM32F4xx_HAL_Driver/Src/stm32f4xx_hal_rcc.o
 .ARM.attributes
                0x000002e7       0x34 ./Drivers/STM32F4xx_HAL_Driver/Src/stm32f4xx_hal_tim.o
 .ARM.attributes
                0x0000031b       0x34 ./Drivers/STM32F4xx_HAL_Driver/Src/stm32f4xx_hal_tim_ex.o
 .ARM.attributes
                0x0000034f       0x34 ./Drivers/STM32F4xx_HAL_Driver/Src/stm32f4xx_hal_uart.o
 .ARM.attributes
                0x00000383       0x34 C:/ST/STM32CubeIDE_1.13.1/STM32CubeIDE/plugins/com.st.stm32cube.ide.mcu.externaltools.gnu-tools-for-stm32.12.3.rel1.win32_1.1.0.202410251130/tools/bin/../lib/gcc/arm-none-eabi/12.3.1/../../../../arm-none-eabi/lib/thumb/v7e-m+fp/hard\libc_nano.a(libc_a-calloc.o)
 .ARM.attributes
                0x000003b7       0x34 C:/ST/STM32CubeIDE_1.13.1/STM32CubeIDE/plugins/com.st.stm32cube.ide.mcu.externaltools.gnu-tools-for-stm32.12.3.rel1.win32_1.1.0.202410251130/tools/bin/../lib/gcc/arm-none-eabi/12.3.1/../../../../arm-none-eabi/lib/thumb/v7e-m+fp/hard\libc_nano.a(libc_a-callocr.o)
 .ARM.attributes
                0x000003eb       0x34 C:/ST/STM32CubeIDE_1.13.1/STM32CubeIDE/plugins/com.st.stm32cube.ide.mcu.externaltools.gnu-tools-for-stm32.12.3.rel1.win32_1.1.0.202410251130/tools/bin/../lib/gcc/arm-none-eabi/12.3.1/../../../../arm-none-eabi/lib/thumb/v7e-m+fp/hard\libc_nano.a(libc_a-mallocr.o)
 .ARM.attributes
                0x0000041f       0x34 C:/ST/STM32CubeIDE_1.13.1/STM32CubeIDE/plugins/com.st.stm32cube.ide.mcu.externaltools.gnu-tools-for-stm32.12.3.rel1.win32_1.1.0.202410251130/tools/bin/../lib/gcc/arm-none-eabi/12.3.1/../../../../arm-none-eabi/lib/thumb/v7e-m+fp/hard\libc_nano.a(libc_a-mlock.o)
 .ARM.attributes
                0x00000453       0x34 C:/ST/STM32CubeIDE_1.13.1/STM32CubeIDE/plugins/com.st.stm32cube.ide.mcu.externaltools.gnu-tools-for-stm32.12.3.rel1.win32_1.1.0.202410251130/tools/bin/../lib/gcc/arm-none-eabi/12.3.1/../../../../arm-none-eabi/lib/thumb/v7e-m+fp/hard\libc_nano.a(libc_a-findfp.o)
 .ARM.attributes
                0x00000487       0x34 C:/ST/STM32CubeIDE_1.13.1/STM32CubeIDE/plugins/com.st.stm32cube.ide.mcu.externaltools.gnu-tools-for-stm32.12.3.rel1.win32_1.1.0.202410251130/tools/bin/../lib/gcc/arm-none-eabi/12.3.1/../../../../arm-none-eabi/lib/thumb/v7e-m+fp/hard\libc_nano.a(libc_a-memset.o)
 .ARM.attributes
                0x000004bb       0x34 C:/ST/STM32CubeIDE_1.13.1/STM32CubeIDE/plugins/com.st.stm32cube.ide.mcu.externaltools.gnu-tools-for-stm32.12.3.rel1.win32_1.1.0.202410251130/tools/bin/../lib/gcc/arm-none-eabi/12.3.1/../../../../arm-none-eabi/lib/thumb/v7e-m+fp/hard\libc_nano.a(libc_a-reent.o)
 .ARM.attributes
                0x000004ef       0x34 C:/ST/STM32CubeIDE_1.13.1/STM32CubeIDE/plugins/com.st.stm32cube.ide.mcu.externaltools.gnu-tools-for-stm32.12.3.rel1.win32_1.1.0.202410251130/tools/bin/../lib/gcc/arm-none-eabi/12.3.1/../../../../arm-none-eabi/lib/thumb/v7e-m+fp/hard\libc_nano.a(libc_a-impure.o)
 .ARM.attributes
                0x00000523       0x34 C:/ST/STM32CubeIDE_1.13.1/STM32CubeIDE/plugins/com.st.stm32cube.ide.mcu.externaltools.gnu-tools-for-stm32.12.3.rel1.win32_1.1.0.202410251130/tools/bin/../lib/gcc/arm-none-eabi/12.3.1/../../../../arm-none-eabi/lib/thumb/v7e-m+fp/hard\libc_nano.a(libc_a-sbrkr.o)
 .ARM.attributes
                0x00000557       0x34 C:/ST/STM32CubeIDE_1.13.1/STM32CubeIDE/plugins/com.st.stm32cube.ide.mcu.externaltools.gnu-tools-for-stm32.12.3.rel1.win32_1.1.0.202410251130/tools/bin/../lib/gcc/arm-none-eabi/12.3.1/../../../../arm-none-eabi/lib/thumb/v7e-m+fp/hard\libc_nano.a(libc_a-errno.o)
 .ARM.attributes
                0x0000058b       0x34 C:/ST/STM32CubeIDE_1.13.1/STM32CubeIDE/plugins/com.st.stm32cube.ide.mcu.externaltools.gnu-tools-for-stm32.12.3.rel1.win32_1.1.0.202410251130/tools/bin/../lib/gcc/arm-none-eabi/12.3.1/../../../../arm-none-eabi/lib/thumb/v7e-m+fp/hard\libc_nano.a(libc_a-init.o)
 .ARM.attributes
                0x000005bf       0x34 C:/ST/STM32CubeIDE_1.13.1/STM32CubeIDE/plugins/com.st.stm32cube.ide.mcu.externaltools.gnu-tools-for-stm32.12.3.rel1.win32_1.1.0.202410251130/tools/bin/../lib/gcc/arm-none-eabi/12.3.1/../../../../arm-none-eabi/lib/thumb/v7e-m+fp/hard\libc_nano.a(libc_a-lock.o)
 .ARM.attributes
                0x000005f3       0x34 C:/ST/STM32CubeIDE_1.13.1/STM32CubeIDE/plugins/com.st.stm32cube.ide.mcu.externaltools.gnu-tools-for-stm32.12.3.rel1.win32_1.1.0.202410251130/tools/bin/../lib/gcc/arm-none-eabi/12.3.1/../../../../arm-none-eabi/lib/thumb/v7e-m+fp/hard\libm.a(libm_a-wf_sqrt.o)
 .ARM.attributes
                0x00000627       0x34 C:/ST/STM32CubeIDE_1.13.1/STM32CubeIDE/plugins/com.st.stm32cube.ide.mcu.externaltools.gnu-tools-for-stm32.12.3.rel1.win32_1.1.0.202410251130/tools/bin/../lib/gcc/arm-none-eabi/12.3.1/../../../../arm-none-eabi/lib/thumb/v7e-m+fp/hard\libm.a(libm_a-ef_sqrt.o)
 .ARM.attributes
                0x0000065b       0x22 C:/ST/STM32CubeIDE_1.13.1/STM32CubeIDE/plugins/com.st.stm32cube.ide.mcu.externaltools.gnu-tools-for-stm32.12.3.rel1.win32_1.1.0.202410251130/tools/bin/../lib/gcc/arm-none-eabi/12.3.1/thumb/v7e-m+fp/hard\libgcc.a(_arm_addsubdf3.o)
 .ARM.attributes
                0x0000067d       0x22 C:/ST/STM32CubeIDE_1.13.1/STM32CubeIDE/plugins/com.st.stm32cube.ide.mcu.externaltools.gnu-tools-for-stm32.12.3.rel1.win32_1.1.0.202410251130/tools/bin/../lib/gcc/arm-none-eabi/12.3.1/thumb/v7e-m+fp/hard\libgcc.a(_arm_muldivdf3.o)
 .ARM.attributes
                0x0000069f       0x22 C:/ST/STM32CubeIDE_1.13.1/STM32CubeIDE/plugins/com.st.stm32cube.ide.mcu.externaltools.gnu-tools-for-stm32.12.3.rel1.win32_1.1.0.202410251130/tools/bin/../lib/gcc/arm-none-eabi/12.3.1/thumb/v7e-m+fp/hard\libgcc.a(_arm_fixunsdfsi.o)
 .ARM.attributes
                0x000006c1       0x22 C:/ST/STM32CubeIDE_1.13.1/STM32CubeIDE/plugins/com.st.stm32cube.ide.mcu.externaltools.gnu-tools-for-stm32.12.3.rel1.win32_1.1.0.202410251130/tools/bin/../lib/gcc/arm-none-eabi/12.3.1/thumb/v7e-m+fp/hard\libgcc.a(_aeabi_uldivmod.o)
 .ARM.attributes
                0x000006e3       0x34 C:/ST/STM32CubeIDE_1.13.1/STM32CubeIDE/plugins/com.st.stm32cube.ide.mcu.externaltools.gnu-tools-for-stm32.12.3.rel1.win32_1.1.0.202410251130/tools/bin/../lib/gcc/arm-none-eabi/12.3.1/thumb/v7e-m+fp/hard\libgcc.a(_udivmoddi4.o)
 .ARM.attributes
                0x00000717       0x22 C:/ST/STM32CubeIDE_1.13.1/STM32CubeIDE/plugins/com.st.stm32cube.ide.mcu.externaltools.gnu-tools-for-stm32.12.3.rel1.win32_1.1.0.202410251130/tools/bin/../lib/gcc/arm-none-eabi/12.3.1/thumb/v7e-m+fp/hard\libgcc.a(_dvmd_tls.o)
 .ARM.attributes
                0x00000739       0x22 C:/ST/STM32CubeIDE_1.13.1/STM32CubeIDE/plugins/com.st.stm32cube.ide.mcu.externaltools.gnu-tools-for-stm32.12.3.rel1.win32_1.1.0.202410251130/tools/bin/../lib/gcc/arm-none-eabi/12.3.1/thumb/v7e-m+fp/hard/crtn.o
OUTPUT(MEdubot.elf elf32-littlearm)
LOAD linker stubs
LOAD C:/ST/STM32CubeIDE_1.13.1/STM32CubeIDE/plugins/com.st.stm32cube.ide.mcu.externaltools.gnu-tools-for-stm32.12.3.rel1.win32_1.1.0.202410251130/tools/bin/../lib/gcc/arm-none-eabi/12.3.1/../../../../arm-none-eabi/lib/thumb/v7e-m+fp/hard\libc.a
LOAD C:/ST/STM32CubeIDE_1.13.1/STM32CubeIDE/plugins/com.st.stm32cube.ide.mcu.externaltools.gnu-tools-for-stm32.12.3.rel1.win32_1.1.0.202410251130/tools/bin/../lib/gcc/arm-none-eabi/12.3.1/../../../../arm-none-eabi/lib/thumb/v7e-m+fp/hard\libm.a
LOAD C:/ST/STM32CubeIDE_1.13.1/STM32CubeIDE/plugins/com.st.stm32cube.ide.mcu.externaltools.gnu-tools-for-stm32.12.3.rel1.win32_1.1.0.202410251130/tools/bin/../lib/gcc/arm-none-eabi/12.3.1/thumb/v7e-m+fp/hard\libgcc.a

.debug_info     0x00000000     0xf020
 .debug_info    0x00000000     0x1ef6 ./Core/Src/main.o
 .debug_info    0x00001ef6     0x12e9 ./Core/Src/stm32f4xx_hal_msp.o
 .debug_info    0x000031df      0x586 ./Core/Src/stm32f4xx_it.o
 .debug_info    0x00003765      0x168 ./Core/Src/sysmem.o
 .debug_info    0x000038cd      0x53e ./Core/Src/system_stm32f4xx.o
 .debug_info    0x00003e0b      0x8d3 ./Core/Src/uFRI.o
 .debug_info    0x000046de       0x30 ./Core/Startup/startup_stm32f401retx.o
 .debug_info    0x0000470e      0x8bb ./Drivers/STM32F4xx_HAL_Driver/Src/stm32f4xx_hal.o
 .debug_info    0x00004fc9      0xcd1 ./Drivers/STM32F4xx_HAL_Driver/Src/stm32f4xx_hal_adc.o
 .debug_info    0x00005c9a      0xcf6 ./Drivers/STM32F4xx_HAL_Driver/Src/stm32f4xx_hal_cortex.o
 .debug_info    0x00006990      0x8e6 ./Drivers/STM32F4xx_HAL_Driver/Src/stm32f4xx_hal_dma.o
 .debug_info    0x00007276      0x6f9 ./Drivers/STM32F4xx_HAL_Driver/Src/stm32f4xx_hal_gpio.o
 .debug_info    0x0000796f      0x8f1 ./Drivers/STM32F4xx_HAL_Driver/Src/stm32f4xx_hal_rcc.o
 .debug_info    0x00008260     0x2996 ./Drivers/STM32F4xx_HAL_Driver/Src/stm32f4xx_hal_tim.o
 .debug_info    0x0000abf6     0x14d4 ./Drivers/STM32F4xx_HAL_Driver/Src/stm32f4xx_hal_tim_ex.o
 .debug_info    0x0000c0ca     0x2f56 ./Drivers/STM32F4xx_HAL_Driver/Src/stm32f4xx_hal_uart.o

.debug_abbrev   0x00000000     0x2248
 .debug_abbrev  0x00000000      0x392 ./Core/Src/main.o
 .debug_abbrev  0x00000392      0x288 ./Core/Src/stm32f4xx_hal_msp.o
 .debug_abbrev  0x0000061a      0x15e ./Core/Src/stm32f4xx_it.o
 .debug_abbrev  0x00000778       0xbc ./Core/Src/sysmem.o
 .debug_abbrev  0x00000834      0x11a ./Core/Src/system_stm32f4xx.o
 .debug_abbrev  0x0000094e      0x27a ./Core/Src/uFRI.o
 .debug_abbrev  0x00000bc8       0x24 ./Core/Startup/startup_stm32f401retx.o
 .debug_abbrev  0x00000bec      0x24b ./Drivers/STM32F4xx_HAL_Driver/Src/stm32f4xx_hal.o
 .debug_abbrev  0x00000e37      0x20e ./Drivers/STM32F4xx_HAL_Driver/Src/stm32f4xx_hal_adc.o
 .debug_abbrev  0x00001045      0x31d ./Drivers/STM32F4xx_HAL_Driver/Src/stm32f4xx_hal_cortex.o
 .debug_abbrev  0x00001362      0x221 ./Drivers/STM32F4xx_HAL_Driver/Src/stm32f4xx_hal_dma.o
 .debug_abbrev  0x00001583      0x1d3 ./Drivers/STM32F4xx_HAL_Driver/Src/stm32f4xx_hal_gpio.o
 .debug_abbrev  0x00001756      0x2b6 ./Drivers/STM32F4xx_HAL_Driver/Src/stm32f4xx_hal_rcc.o
 .debug_abbrev  0x00001a0c      0x28b ./Drivers/STM32F4xx_HAL_Driver/Src/stm32f4xx_hal_tim.o
 .debug_abbrev  0x00001c97      0x296 ./Drivers/STM32F4xx_HAL_Driver/Src/stm32f4xx_hal_tim_ex.o
 .debug_abbrev  0x00001f2d      0x31b ./Drivers/STM32F4xx_HAL_Driver/Src/stm32f4xx_hal_uart.o

.debug_aranges  0x00000000      0xe88
 .debug_aranges
                0x00000000       0xa8 ./Core/Src/main.o
 .debug_aranges
                0x000000a8       0x58 ./Core/Src/stm32f4xx_hal_msp.o
 .debug_aranges
                0x00000100       0x70 ./Core/Src/stm32f4xx_it.o
 .debug_aranges
                0x00000170       0x20 ./Core/Src/sysmem.o
 .debug_aranges
                0x00000190       0x28 ./Core/Src/system_stm32f4xx.o
 .debug_aranges
                0x000001b8       0xf0 ./Core/Src/uFRI.o
 .debug_aranges
                0x000002a8       0x28 ./Core/Startup/startup_stm32f401retx.o
 .debug_aranges
                0x000002d0       0xf0 ./Drivers/STM32F4xx_HAL_Driver/Src/stm32f4xx_hal.o
 .debug_aranges
                0x000003c0       0xe8 ./Drivers/STM32F4xx_HAL_Driver/Src/stm32f4xx_hal_adc.o
 .debug_aranges
                0x000004a8      0x130 ./Drivers/STM32F4xx_HAL_Driver/Src/stm32f4xx_hal_cortex.o
 .debug_aranges
                0x000005d8       0x90 ./Drivers/STM32F4xx_HAL_Driver/Src/stm32f4xx_hal_dma.o
 .debug_aranges
                0x00000668       0x58 ./Drivers/STM32F4xx_HAL_Driver/Src/stm32f4xx_hal_gpio.o
 .debug_aranges
                0x000006c0       0x88 ./Drivers/STM32F4xx_HAL_Driver/Src/stm32f4xx_hal_rcc.o
 .debug_aranges
                0x00000748      0x3d0 ./Drivers/STM32F4xx_HAL_Driver/Src/stm32f4xx_hal_tim.o
 .debug_aranges
                0x00000b18      0x168 ./Drivers/STM32F4xx_HAL_Driver/Src/stm32f4xx_hal_tim_ex.o
 .debug_aranges
                0x00000c80      0x208 ./Drivers/STM32F4xx_HAL_Driver/Src/stm32f4xx_hal_uart.o

.debug_rnglists
                0x00000000      0xb64
 .debug_rnglists
                0x00000000       0x84 ./Core/Src/main.o
 .debug_rnglists
                0x00000084       0x42 ./Core/Src/stm32f4xx_hal_msp.o
 .debug_rnglists
                0x000000c6       0x4f ./Core/Src/stm32f4xx_it.o
 .debug_rnglists
                0x00000115       0x13 ./Core/Src/sysmem.o
 .debug_rnglists
                0x00000128       0x1a ./Core/Src/system_stm32f4xx.o
 .debug_rnglists
                0x00000142       0xb5 ./Core/Src/uFRI.o
 .debug_rnglists
                0x000001f7       0x19 ./Core/Startup/startup_stm32f401retx.o
 .debug_rnglists
                0x00000210       0xaf ./Drivers/STM32F4xx_HAL_Driver/Src/stm32f4xx_hal.o
 .debug_rnglists
                0x000002bf       0xb5 ./Drivers/STM32F4xx_HAL_Driver/Src/stm32f4xx_hal_adc.o
 .debug_rnglists
                0x00000374       0xe0 ./Drivers/STM32F4xx_HAL_Driver/Src/stm32f4xx_hal_cortex.o
 .debug_rnglists
                0x00000454       0x70 ./Drivers/STM32F4xx_HAL_Driver/Src/stm32f4xx_hal_dma.o
 .debug_rnglists
                0x000004c4       0x3f ./Drivers/STM32F4xx_HAL_Driver/Src/stm32f4xx_hal_gpio.o
 .debug_rnglists
                0x00000503       0x66 ./Drivers/STM32F4xx_HAL_Driver/Src/stm32f4xx_hal_rcc.o
 .debug_rnglists
                0x00000569      0x31a ./Drivers/STM32F4xx_HAL_Driver/Src/stm32f4xx_hal_tim.o
 .debug_rnglists
                0x00000883      0x125 ./Drivers/STM32F4xx_HAL_Driver/Src/stm32f4xx_hal_tim_ex.o
 .debug_rnglists
                0x000009a8      0x1bc ./Drivers/STM32F4xx_HAL_Driver/Src/stm32f4xx_hal_uart.o

.debug_macro    0x00000000    0x17dd6
 .debug_macro   0x00000000      0x306 ./Core/Src/main.o
 .debug_macro   0x00000306      0xab4 ./Core/Src/main.o
 .debug_macro   0x00000dba      0x2a1 ./Core/Src/main.o
 .debug_macro   0x0000105b       0x2e ./Core/Src/main.o
 .debug_macro   0x00001089       0x28 ./Core/Src/main.o
 .debug_macro   0x000010b1       0x22 ./Core/Src/main.o
 .debug_macro   0x000010d3       0x8e ./Core/Src/main.o
 .debug_macro   0x00001161       0x51 ./Core/Src/main.o
 .debug_macro   0x000011b2      0x103 ./Core/Src/main.o
 .debug_macro   0x000012b5       0x6a ./Core/Src/main.o
 .debug_macro   0x0000131f      0x1df ./Core/Src/main.o
 .debug_macro   0x000014fe       0x1c ./Core/Src/main.o
 .debug_macro   0x0000151a       0x22 ./Core/Src/main.o
 .debug_macro   0x0000153c       0xfb ./Core/Src/main.o
 .debug_macro   0x00001637     0x1011 ./Core/Src/main.o
 .debug_macro   0x00002648      0x11f ./Core/Src/main.o
 .debug_macro   0x00002767     0xb86c ./Core/Src/main.o
 .debug_macro   0x0000dfd3       0x6d ./Core/Src/main.o
 .debug_macro   0x0000e040     0x369a ./Core/Src/main.o
 .debug_macro   0x000116da      0x189 ./Core/Src/main.o
 .debug_macro   0x00011863       0x5c ./Core/Src/main.o
 .debug_macro   0x000118bf      0x416 ./Core/Src/main.o
 .debug_macro   0x00011cd5      0x9e9 ./Core/Src/main.o
 .debug_macro   0x000126be      0x115 ./Core/Src/main.o
 .debug_macro   0x000127d3       0xf8 ./Core/Src/main.o
 .debug_macro   0x000128cb       0xa5 ./Core/Src/main.o
 .debug_macro   0x00012970      0x15f ./Core/Src/main.o
 .debug_macro   0x00012acf      0x287 ./Core/Src/main.o
 .debug_macro   0x00012d56       0x5f ./Core/Src/main.o
 .debug_macro   0x00012db5      0x236 ./Core/Src/main.o
 .debug_macro   0x00012feb      0x9e1 ./Core/Src/main.o
 .debug_macro   0x000139cc      0x38b ./Core/Src/main.o
 .debug_macro   0x00013d57      0x176 ./Core/Src/main.o
 .debug_macro   0x00013ecd       0xf9 ./Core/Src/main.o
 .debug_macro   0x00013fc6      0x132 ./Core/Src/main.o
 .debug_macro   0x000140f8      0x264 ./Core/Src/main.o
 .debug_macro   0x0001435c       0x2e ./Core/Src/main.o
 .debug_macro   0x0001438a      0x127 ./Core/Src/main.o
 .debug_macro   0x000144b1       0x85 ./Core/Src/main.o
 .debug_macro   0x00014536       0x89 ./Core/Src/main.o
 .debug_macro   0x000145bf      0x8ed ./Core/Src/main.o
 .debug_macro   0x00014eac       0x47 ./Core/Src/main.o
 .debug_macro   0x00014ef3      0x2aa ./Core/Src/main.o
 .debug_macro   0x0001519d      0x126 ./Core/Src/main.o
 .debug_macro   0x000152c3       0x2a ./Core/Src/main.o
 .debug_macro   0x000152ed       0x61 ./Core/Src/main.o
 .debug_macro   0x0001534e       0x43 ./Core/Src/main.o
 .debug_macro   0x00015391       0x34 ./Core/Src/main.o
 .debug_macro   0x000153c5       0x16 ./Core/Src/main.o
 .debug_macro   0x000153db       0x35 ./Core/Src/main.o
 .debug_macro   0x00015410       0x16 ./Core/Src/main.o
 .debug_macro   0x00015426       0x43 ./Core/Src/main.o
 .debug_macro   0x00015469       0x34 ./Core/Src/main.o
 .debug_macro   0x0001549d       0x10 ./Core/Src/main.o
 .debug_macro   0x000154ad       0x58 ./Core/Src/main.o
 .debug_macro   0x00015505       0x8e ./Core/Src/main.o
 .debug_macro   0x00015593       0x1c ./Core/Src/main.o
 .debug_macro   0x000155af      0x177 ./Core/Src/main.o
 .debug_macro   0x00015726      0x369 ./Core/Src/main.o
 .debug_macro   0x00015a8f       0x16 ./Core/Src/main.o
 .debug_macro   0x00015aa5       0x29 ./Core/Src/main.o
 .debug_macro   0x00015ace      0x19b ./Core/Src/main.o
 .debug_macro   0x00015c69       0xd6 ./Core/Src/main.o
 .debug_macro   0x00015d3f      0x2ee ./Core/Src/stm32f4xx_hal_msp.o
 .debug_macro   0x0001602d      0x2f8 ./Core/Src/stm32f4xx_it.o
 .debug_macro   0x00016325       0xff ./Core/Src/sysmem.o
 .debug_macro   0x00016424      0x23c ./Core/Src/sysmem.o
 .debug_macro   0x00016660      0x1f6 ./Core/Src/system_stm32f4xx.o
 .debug_macro   0x00016856      0x197 ./Core/Src/uFRI.o
 .debug_macro   0x000169ed      0x11c ./Core/Src/uFRI.o
 .debug_macro   0x00016b09       0x94 ./Core/Src/uFRI.o
 .debug_macro   0x00016b9d      0x256 ./Drivers/STM32F4xx_HAL_Driver/Src/stm32f4xx_hal.o
 .debug_macro   0x00016df3      0x1f7 ./Drivers/STM32F4xx_HAL_Driver/Src/stm32f4xx_hal_adc.o
 .debug_macro   0x00016fea      0x1f6 ./Drivers/STM32F4xx_HAL_Driver/Src/stm32f4xx_hal_cortex.o
 .debug_macro   0x000171e0      0x1fc ./Drivers/STM32F4xx_HAL_Driver/Src/stm32f4xx_hal_dma.o
 .debug_macro   0x000173dc      0x1fc ./Drivers/STM32F4xx_HAL_Driver/Src/stm32f4xx_hal_gpio.o
 .debug_macro   0x000175d8      0x21a ./Drivers/STM32F4xx_HAL_Driver/Src/stm32f4xx_hal_rcc.o
 .debug_macro   0x000177f2      0x1f7 ./Drivers/STM32F4xx_HAL_Driver/Src/stm32f4xx_hal_tim.o
 .debug_macro   0x000179e9      0x1f6 ./Drivers/STM32F4xx_HAL_Driver/Src/stm32f4xx_hal_tim_ex.o
 .debug_macro   0x00017bdf      0x1f7 ./Drivers/STM32F4xx_HAL_Driver/Src/stm32f4xx_hal_uart.o

.debug_line     0x00000000    0x10aef
 .debug_line    0x00000000      0xee3 ./Core/Src/main.o
 .debug_line    0x00000ee3      0xab4 ./Core/Src/stm32f4xx_hal_msp.o
 .debug_line    0x00001997      0x9e7 ./Core/Src/stm32f4xx_it.o
 .debug_line    0x0000237e      0x579 ./Core/Src/sysmem.o
 .debug_line    0x000028f7      0x812 ./Core/Src/system_stm32f4xx.o
 .debug_line    0x00003109      0xc3f ./Core/Src/uFRI.o
 .debug_line    0x00003d48       0x7a ./Core/Startup/startup_stm32f401retx.o
 .debug_line    0x00003dc2      0xa7b ./Drivers/STM32F4xx_HAL_Driver/Src/stm32f4xx_hal.o
 .debug_line    0x0000483d     0x1237 ./Drivers/STM32F4xx_HAL_Driver/Src/stm32f4xx_hal_adc.o
 .debug_line    0x00005a74      0xd6d ./Drivers/STM32F4xx_HAL_Driver/Src/stm32f4xx_hal_cortex.o
 .debug_line    0x000067e1      0xfeb ./Drivers/STM32F4xx_HAL_Driver/Src/stm32f4xx_hal_dma.o
 .debug_line    0x000077cc      0xbcb ./Drivers/STM32F4xx_HAL_Driver/Src/stm32f4xx_hal_gpio.o
 .debug_line    0x00008397      0xe06 ./Drivers/STM32F4xx_HAL_Driver/Src/stm32f4xx_hal_rcc.o
 .debug_line    0x0000919d     0x35f9 ./Drivers/STM32F4xx_HAL_Driver/Src/stm32f4xx_hal_tim.o
 .debug_line    0x0000c796     0x1a0c ./Drivers/STM32F4xx_HAL_Driver/Src/stm32f4xx_hal_tim_ex.o
 .debug_line    0x0000e1a2     0x294d ./Drivers/STM32F4xx_HAL_Driver/Src/stm32f4xx_hal_uart.o

.debug_str      0x00000000    0x9a19a
 .debug_str     0x00000000    0x96acf ./Core/Src/main.o
                              0x96f62 (size before relaxing)
 .debug_str     0x00096acf      0x101 ./Core/Src/stm32f4xx_hal_msp.o
                              0x9651b (size before relaxing)
 .debug_str     0x00096bd0      0x122 ./Core/Src/stm32f4xx_it.o
                              0x95ced (size before relaxing)
 .debug_str     0x00096cf2      0x4dc ./Core/Src/sysmem.o
                               0x60cb (size before relaxing)
 .debug_str     0x000971ce       0x87 ./Core/Src/system_stm32f4xx.o
                              0x91d17 (size before relaxing)
 .debug_str     0x00097255      0x5b7 ./Core/Src/uFRI.o
                               0x824b (size before relaxing)
 .debug_str     0x0009780c       0x44 ./Core/Startup/startup_stm32f401retx.o
                                 0x7e (size before relaxing)
 .debug_str     0x00097850      0x5f0 ./Drivers/STM32F4xx_HAL_Driver/Src/stm32f4xx_hal.o
                              0x92739 (size before relaxing)
 .debug_str     0x00097e40      0x2af ./Drivers/STM32F4xx_HAL_Driver/Src/stm32f4xx_hal_adc.o
                              0x922f2 (size before relaxing)
 .debug_str     0x000980ef      0x36f ./Drivers/STM32F4xx_HAL_Driver/Src/stm32f4xx_hal_cortex.o
                              0x924a3 (size before relaxing)
 .debug_str     0x0009845e      0x2d5 ./Drivers/STM32F4xx_HAL_Driver/Src/stm32f4xx_hal_dma.o
                              0x9211f (size before relaxing)
 .debug_str     0x00098733       0xe8 ./Drivers/STM32F4xx_HAL_Driver/Src/stm32f4xx_hal_gpio.o
                              0x91e92 (size before relaxing)
 .debug_str     0x0009881b      0x233 ./Drivers/STM32F4xx_HAL_Driver/Src/stm32f4xx_hal_rcc.o
                              0x9214b (size before relaxing)
 .debug_str     0x00098a4e      0xd54 ./Drivers/STM32F4xx_HAL_Driver/Src/stm32f4xx_hal_tim.o
                              0x9308f (size before relaxing)
 .debug_str     0x000997a2      0x3e1 ./Drivers/STM32F4xx_HAL_Driver/Src/stm32f4xx_hal_tim_ex.o
                              0x9289b (size before relaxing)
 .debug_str     0x00099b83      0x617 ./Drivers/STM32F4xx_HAL_Driver/Src/stm32f4xx_hal_uart.o
                              0x9271a (size before relaxing)

.comment        0x00000000       0x43
 .comment       0x00000000       0x43 ./Core/Src/main.o
                                 0x44 (size before relaxing)
 .comment       0x00000043       0x44 ./Core/Src/stm32f4xx_hal_msp.o
 .comment       0x00000043       0x44 ./Core/Src/stm32f4xx_it.o
 .comment       0x00000043       0x44 ./Core/Src/sysmem.o
 .comment       0x00000043       0x44 ./Core/Src/system_stm32f4xx.o
 .comment       0x00000043       0x44 ./Core/Src/uFRI.o
 .comment       0x00000043       0x44 ./Drivers/STM32F4xx_HAL_Driver/Src/stm32f4xx_hal.o
 .comment       0x00000043       0x44 ./Drivers/STM32F4xx_HAL_Driver/Src/stm32f4xx_hal_adc.o
 .comment       0x00000043       0x44 ./Drivers/STM32F4xx_HAL_Driver/Src/stm32f4xx_hal_cortex.o
 .comment       0x00000043       0x44 ./Drivers/STM32F4xx_HAL_Driver/Src/stm32f4xx_hal_dma.o
 .comment       0x00000043       0x44 ./Drivers/STM32F4xx_HAL_Driver/Src/stm32f4xx_hal_gpio.o
 .comment       0x00000043       0x44 ./Drivers/STM32F4xx_HAL_Driver/Src/stm32f4xx_hal_rcc.o
 .comment       0x00000043       0x44 ./Drivers/STM32F4xx_HAL_Driver/Src/stm32f4xx_hal_tim.o
 .comment       0x00000043       0x44 ./Drivers/STM32F4xx_HAL_Driver/Src/stm32f4xx_hal_tim_ex.o
 .comment       0x00000043       0x44 ./Drivers/STM32F4xx_HAL_Driver/Src/stm32f4xx_hal_uart.o

.debug_frame    0x00000000     0x422c
 .debug_frame   0x00000000      0x270 ./Core/Src/main.o
 .debug_frame   0x00000270      0x138 ./Core/Src/stm32f4xx_hal_msp.o
 .debug_frame   0x000003a8      0x13c ./Core/Src/stm32f4xx_it.o
 .debug_frame   0x000004e4       0x34 ./Core/Src/sysmem.o
 .debug_frame   0x00000518       0x58 ./Core/Src/system_stm32f4xx.o
 .debug_frame   0x00000570      0x408 ./Core/Src/uFRI.o
 .debug_frame   0x00000978      0x374 ./Drivers/STM32F4xx_HAL_Driver/Src/stm32f4xx_hal.o
 .debug_frame   0x00000cec      0x3fc ./Drivers/STM32F4xx_HAL_Driver/Src/stm32f4xx_hal_adc.o
 .debug_frame   0x000010e8      0x508 ./Drivers/STM32F4xx_HAL_Driver/Src/stm32f4xx_hal_cortex.o
 .debug_frame   0x000015f0      0x250 ./Drivers/STM32F4xx_HAL_Driver/Src/stm32f4xx_hal_dma.o
 .debug_frame   0x00001840      0x14c ./Drivers/STM32F4xx_HAL_Driver/Src/stm32f4xx_hal_gpio.o
 .debug_frame   0x0000198c      0x1f4 ./Drivers/STM32F4xx_HAL_Driver/Src/stm32f4xx_hal_rcc.o
 .debug_frame   0x00001b80     0x11b8 ./Drivers/STM32F4xx_HAL_Driver/Src/stm32f4xx_hal_tim.o
 .debug_frame   0x00002d38      0x638 ./Drivers/STM32F4xx_HAL_Driver/Src/stm32f4xx_hal_tim_ex.o
 .debug_frame   0x00003370      0x954 ./Drivers/STM32F4xx_HAL_Driver/Src/stm32f4xx_hal_uart.o
 .debug_frame   0x00003cc4       0x20 C:/ST/STM32CubeIDE_1.13.1/STM32CubeIDE/plugins/com.st.stm32cube.ide.mcu.externaltools.gnu-tools-for-stm32.12.3.rel1.win32_1.1.0.202410251130/tools/bin/../lib/gcc/arm-none-eabi/12.3.1/../../../../arm-none-eabi/lib/thumb/v7e-m+fp/hard\libc_nano.a(libc_a-calloc.o)
 .debug_frame   0x00003ce4       0x2c C:/ST/STM32CubeIDE_1.13.1/STM32CubeIDE/plugins/com.st.stm32cube.ide.mcu.externaltools.gnu-tools-for-stm32.12.3.rel1.win32_1.1.0.202410251130/tools/bin/../lib/gcc/arm-none-eabi/12.3.1/../../../../arm-none-eabi/lib/thumb/v7e-m+fp/hard\libc_nano.a(libc_a-callocr.o)
 .debug_frame   0x00003d10       0x50 C:/ST/STM32CubeIDE_1.13.1/STM32CubeIDE/plugins/com.st.stm32cube.ide.mcu.externaltools.gnu-tools-for-stm32.12.3.rel1.win32_1.1.0.202410251130/tools/bin/../lib/gcc/arm-none-eabi/12.3.1/../../../../arm-none-eabi/lib/thumb/v7e-m+fp/hard\libc_nano.a(libc_a-mallocr.o)
 .debug_frame   0x00003d60       0x30 C:/ST/STM32CubeIDE_1.13.1/STM32CubeIDE/plugins/com.st.stm32cube.ide.mcu.externaltools.gnu-tools-for-stm32.12.3.rel1.win32_1.1.0.202410251130/tools/bin/../lib/gcc/arm-none-eabi/12.3.1/../../../../arm-none-eabi/lib/thumb/v7e-m+fp/hard\libc_nano.a(libc_a-mlock.o)
 .debug_frame   0x00003d90      0x144 C:/ST/STM32CubeIDE_1.13.1/STM32CubeIDE/plugins/com.st.stm32cube.ide.mcu.externaltools.gnu-tools-for-stm32.12.3.rel1.win32_1.1.0.202410251130/tools/bin/../lib/gcc/arm-none-eabi/12.3.1/../../../../arm-none-eabi/lib/thumb/v7e-m+fp/hard\libc_nano.a(libc_a-findfp.o)
 .debug_frame   0x00003ed4       0x20 C:/ST/STM32CubeIDE_1.13.1/STM32CubeIDE/plugins/com.st.stm32cube.ide.mcu.externaltools.gnu-tools-for-stm32.12.3.rel1.win32_1.1.0.202410251130/tools/bin/../lib/gcc/arm-none-eabi/12.3.1/../../../../arm-none-eabi/lib/thumb/v7e-m+fp/hard\libc_nano.a(libc_a-memset.o)
 .debug_frame   0x00003ef4       0x38 C:/ST/STM32CubeIDE_1.13.1/STM32CubeIDE/plugins/com.st.stm32cube.ide.mcu.externaltools.gnu-tools-for-stm32.12.3.rel1.win32_1.1.0.202410251130/tools/bin/../lib/gcc/arm-none-eabi/12.3.1/../../../../arm-none-eabi/lib/thumb/v7e-m+fp/hard\libc_nano.a(libc_a-reent.o)
 .debug_frame   0x00003f2c       0x2c C:/ST/STM32CubeIDE_1.13.1/STM32CubeIDE/plugins/com.st.stm32cube.ide.mcu.externaltools.gnu-tools-for-stm32.12.3.rel1.win32_1.1.0.202410251130/tools/bin/../lib/gcc/arm-none-eabi/12.3.1/../../../../arm-none-eabi/lib/thumb/v7e-m+fp/hard\libc_nano.a(libc_a-sbrkr.o)
 .debug_frame   0x00003f58       0x20 C:/ST/STM32CubeIDE_1.13.1/STM32CubeIDE/plugins/com.st.stm32cube.ide.mcu.externaltools.gnu-tools-for-stm32.12.3.rel1.win32_1.1.0.202410251130/tools/bin/../lib/gcc/arm-none-eabi/12.3.1/../../../../arm-none-eabi/lib/thumb/v7e-m+fp/hard\libc_nano.a(libc_a-errno.o)
 .debug_frame   0x00003f78       0x2c C:/ST/STM32CubeIDE_1.13.1/STM32CubeIDE/plugins/com.st.stm32cube.ide.mcu.externaltools.gnu-tools-for-stm32.12.3.rel1.win32_1.1.0.202410251130/tools/bin/../lib/gcc/arm-none-eabi/12.3.1/../../../../arm-none-eabi/lib/thumb/v7e-m+fp/hard\libc_nano.a(libc_a-init.o)
 .debug_frame   0x00003fa4       0xb0 C:/ST/STM32CubeIDE_1.13.1/STM32CubeIDE/plugins/com.st.stm32cube.ide.mcu.externaltools.gnu-tools-for-stm32.12.3.rel1.win32_1.1.0.202410251130/tools/bin/../lib/gcc/arm-none-eabi/12.3.1/../../../../arm-none-eabi/lib/thumb/v7e-m+fp/hard\libc_nano.a(libc_a-lock.o)
 .debug_frame   0x00004054       0x38 C:/ST/STM32CubeIDE_1.13.1/STM32CubeIDE/plugins/com.st.stm32cube.ide.mcu.externaltools.gnu-tools-for-stm32.12.3.rel1.win32_1.1.0.202410251130/tools/bin/../lib/gcc/arm-none-eabi/12.3.1/../../../../arm-none-eabi/lib/thumb/v7e-m+fp/hard\libm.a(libm_a-wf_sqrt.o)
 .debug_frame   0x0000408c       0x20 C:/ST/STM32CubeIDE_1.13.1/STM32CubeIDE/plugins/com.st.stm32cube.ide.mcu.externaltools.gnu-tools-for-stm32.12.3.rel1.win32_1.1.0.202410251130/tools/bin/../lib/gcc/arm-none-eabi/12.3.1/../../../../arm-none-eabi/lib/thumb/v7e-m+fp/hard\libm.a(libm_a-ef_sqrt.o)
 .debug_frame   0x000040ac       0xac C:/ST/STM32CubeIDE_1.13.1/STM32CubeIDE/plugins/com.st.stm32cube.ide.mcu.externaltools.gnu-tools-for-stm32.12.3.rel1.win32_1.1.0.202410251130/tools/bin/../lib/gcc/arm-none-eabi/12.3.1/thumb/v7e-m+fp/hard\libgcc.a(_arm_addsubdf3.o)
 .debug_frame   0x00004158       0x50 C:/ST/STM32CubeIDE_1.13.1/STM32CubeIDE/plugins/com.st.stm32cube.ide.mcu.externaltools.gnu-tools-for-stm32.12.3.rel1.win32_1.1.0.202410251130/tools/bin/../lib/gcc/arm-none-eabi/12.3.1/thumb/v7e-m+fp/hard\libgcc.a(_arm_muldivdf3.o)
 .debug_frame   0x000041a8       0x24 C:/ST/STM32CubeIDE_1.13.1/STM32CubeIDE/plugins/com.st.stm32cube.ide.mcu.externaltools.gnu-tools-for-stm32.12.3.rel1.win32_1.1.0.202410251130/tools/bin/../lib/gcc/arm-none-eabi/12.3.1/thumb/v7e-m+fp/hard\libgcc.a(_arm_fixunsdfsi.o)
 .debug_frame   0x000041cc       0x2c C:/ST/STM32CubeIDE_1.13.1/STM32CubeIDE/plugins/com.st.stm32cube.ide.mcu.externaltools.gnu-tools-for-stm32.12.3.rel1.win32_1.1.0.202410251130/tools/bin/../lib/gcc/arm-none-eabi/12.3.1/thumb/v7e-m+fp/hard\libgcc.a(_aeabi_uldivmod.o)
 .debug_frame   0x000041f8       0x34 C:/ST/STM32CubeIDE_1.13.1/STM32CubeIDE/plugins/com.st.stm32cube.ide.mcu.externaltools.gnu-tools-for-stm32.12.3.rel1.win32_1.1.0.202410251130/tools/bin/../lib/gcc/arm-none-eabi/12.3.1/thumb/v7e-m+fp/hard\libgcc.a(_udivmoddi4.o)

.debug_line_str
                0x00000000       0x62
 .debug_line_str
                0x00000000       0x62 ./Core/Startup/startup_stm32f401retx.o
